Archive member included to satisfy reference by file (symbol)

/opt/devkitpro/libctru/lib/libcitro2d.a(base.o)
                              main.o (C2D_Init)
/opt/devkitpro/libctru/lib/libcitro2d.a(render2d.shbin.o)
                              /opt/devkitpro/libctru/lib/libcitro2d.a(base.o) (render2d_shbin)
/opt/devkitpro/libctru/lib/libcitro3d.a(attribs.o)
                              /opt/devkitpro/libctru/lib/libcitro2d.a(base.o) (AttrInfo_Init)
/opt/devkitpro/libctru/lib/libcitro3d.a(base.o)
                              /opt/devkitpro/libctru/lib/libcitro3d.a(attribs.o) (__C3D_Context)
/opt/devkitpro/libctru/lib/libcitro3d.a(buffers.o)
                              /opt/devkitpro/libctru/lib/libcitro2d.a(base.o) (BufInfo_Init)
/opt/devkitpro/libctru/lib/libcitro3d.a(drawElements.o)
                              /opt/devkitpro/libctru/lib/libcitro2d.a(base.o) (C3D_DrawElements)
/opt/devkitpro/libctru/lib/libcitro3d.a(effect.o)
                              /opt/devkitpro/libctru/lib/libcitro3d.a(base.o) (C3D_DepthMap)
/opt/devkitpro/libctru/lib/libcitro3d.a(framebuffer.o)
                              /opt/devkitpro/libctru/lib/libcitro3d.a(base.o) (C3Di_FrameBufBind)
/opt/devkitpro/libctru/lib/libcitro3d.a(immediate.o)
                              /opt/devkitpro/libctru/lib/libcitro3d.a(base.o) (C3D_ImmSendAttrib)
/opt/devkitpro/libctru/lib/libcitro3d.a(proctex.o)
                              /opt/devkitpro/libctru/lib/libcitro2d.a(base.o) (C3D_ProcTexInit)
/opt/devkitpro/libctru/lib/libcitro3d.a(renderqueue.o)
                              /opt/devkitpro/libctru/lib/libcitro3d.a(base.o) (C3Di_RenderQueueEnableVBlank)
/opt/devkitpro/libctru/lib/libcitro3d.a(texenv.o)
                              /opt/devkitpro/libctru/lib/libcitro2d.a(base.o) (C3D_GetTexEnv)
/opt/devkitpro/libctru/lib/libcitro3d.a(texture.o)
                              main.o (C3D_TexInitWithParams)
/opt/devkitpro/libctru/lib/libcitro3d.a(uniforms.o)
                              /opt/devkitpro/libctru/lib/libcitro3d.a(base.o) (C3D_UpdateUniforms)
/opt/devkitpro/libctru/lib/libcitro3d.a(mtx_multiply.o)
                              /opt/devkitpro/libctru/lib/libcitro2d.a(base.o) (Mtx_Multiply)
/opt/devkitpro/libctru/lib/libcitro3d.a(mtx_ortho.o)
                              /opt/devkitpro/libctru/lib/libcitro2d.a(base.o) (Mtx_Ortho)
/opt/devkitpro/libctru/lib/libcitro3d.a(mtx_orthotilt.o)
                              /opt/devkitpro/libctru/lib/libcitro2d.a(base.o) (Mtx_OrthoTilt)
/opt/devkitpro/libctru/lib/libcitro3d.a(mtx_rotatez.o)
                              /opt/devkitpro/libctru/lib/libcitro2d.a(base.o) (Mtx_RotateZ)
/opt/devkitpro/libctru/lib/libcitro3d.a(mtx_scale.o)
                              /opt/devkitpro/libctru/lib/libcitro2d.a(base.o) (Mtx_Scale)
/opt/devkitpro/libctru/lib/libcitro3d.a(mtx_translate.o)
                              /opt/devkitpro/libctru/lib/libcitro2d.a(base.o) (Mtx_Translate)
/opt/devkitpro/libctru/lib/libctru.a(linear.o)
                              /opt/devkitpro/libctru/lib/libcitro2d.a(base.o) (linearAlloc)
/opt/devkitpro/libctru/lib/libctru.a(mem_pool.o)
                              /opt/devkitpro/libctru/lib/libctru.a(linear.o) (MemPool::Allocate(MemChunk&, unsigned long, int))
/opt/devkitpro/libctru/lib/libctru.a(vram.o)
                              /opt/devkitpro/libctru/lib/libcitro3d.a(renderqueue.o) (vramAlloc)
/opt/devkitpro/libctru/lib/libctru.a(console.o)
                              main.o (consoleInit)
/opt/devkitpro/libctru/lib/libctru.a(gfx.o)
                              main.o (gfxSet3D)
/opt/devkitpro/libctru/lib/libctru.a(os.o)
                              /opt/devkitpro/libctru/lib/libcitro3d.a(buffers.o) (osConvertVirtToPhys)
/opt/devkitpro/libctru/lib/libctru.a(gpu.o)
                              /opt/devkitpro/libctru/lib/libcitro3d.a(base.o) (gpuCmdBufOffset)
/opt/devkitpro/libctru/lib/libctru.a(gx.o)
                              /opt/devkitpro/libctru/lib/libcitro3d.a(renderqueue.o) (GX_BindQueue)
/opt/devkitpro/libctru/lib/libctru.a(gxqueue.o)
                              /opt/devkitpro/libctru/lib/libcitro3d.a(renderqueue.o) (gxCmdQueueClear)
/opt/devkitpro/libctru/lib/libctru.a(shaderProgram.o)
                              /opt/devkitpro/libctru/lib/libcitro2d.a(base.o) (shaderInstanceGetUniformLocation)
/opt/devkitpro/libctru/lib/libctru.a(shbin.o)
                              /opt/devkitpro/libctru/lib/libcitro2d.a(base.o) (DVLB_ParseFile)
/opt/devkitpro/libctru/lib/libctru.a(apt.o)
                              /opt/devkitpro/libctru/lib/libcitro3d.a(base.o) (aptHook)
/opt/devkitpro/libctru/lib/libctru.a(gspgpu.o)
                              /opt/devkitpro/libctru/lib/libctru.a(gfx.o) (gspInit)
/opt/devkitpro/libctru/lib/libctru.a(hid.o)
                              main.o (hidScanInput)
/opt/devkitpro/libctru/lib/libctru.a(irrst.o)
                              /opt/devkitpro/libctru/lib/libctru.a(hid.o) (irrstInit)
[...]
Memory Configuration

Name             Origin             Length             Attributes
*default*        0x00000000         0xffffffff

Linker script and memory map

                0x00000000                        __sync_synchronize = __sync_synchronize_dmb
                0x00100000                        PROVIDE (__start__ = 0x100000)
                0x00100000                        . = __start__

.text           0x00100000    0x34fe8
 *(.crt0)
 .crt0          0x00100000       0x94 /opt/devkitpro/devkitARM/bin/../lib/gcc/arm-none-eabi/14.2.0/../../../../arm-none-eabi/lib/armv6k/fpu/3dsx_crt0.o
                0x00100000                _start
                0x00100008                __service_ptr
                0x0010000c                __apt_appid
                0x00100010                __heap_size
                0x00100014                __linear_heap_size
                0x00100018                __system_arglist
                0x0010001c                __system_runflags
 *(.init)
 .init          0x00100094        0xc /opt/devkitpro/devkitARM/bin/../lib/gcc/arm-none-eabi/14.2.0/armv6k/fpu/crti.o
                0x00100094                _init
 .init          0x001000a0        0xc /opt/devkitpro/devkitARM/bin/../lib/gcc/arm-none-eabi/14.2.0/armv6k/fpu/crtn.o
                0x001000ac                        . = ALIGN (0x4)
 *(.text)
 .text          0x001000ac      0x20c /opt/devkitpro/devkitARM/bin/../lib/gcc/arm-none-eabi/14.2.0/armv6k/fpu/libgcc.a(_udivsi3.o)
                0x001000ac                __udivsi3
                0x001000ac                __aeabi_uidiv
                0x00100298                __aeabi_uidivmod
 .text          0x001002b8      0x240 /opt/devkitpro/devkitARM/bin/../lib/gcc/arm-none-eabi/14.2.0/armv6k/fpu/libgcc.a(_divsi3.o)
                0x001002b8                __aeabi_idiv
                0x001002b8                __divsi3
                0x001004d8                __aeabi_idivmod
 .text          0x001004f8        0x4 /opt/devkitpro/devkitARM/bin/../lib/gcc/arm-none-eabi/14.2.0/armv6k/fpu/libgcc.a(_dvmd_tls.o)
                0x001004f8                __aeabi_ldiv0
                0x001004f8                __aeabi_idiv0
 .text          0x001004fc      0x3c0 /opt/devkitpro/devkitARM/bin/../lib/gcc/arm-none-eabi/14.2.0/armv6k/fpu/libgcc.a(_arm_addsubdf3.o)
                0x001004fc                __aeabi_drsub
                0x00100504                __subdf3
                0x00100504                __aeabi_dsub
                0x00100508                __aeabi_dadd
                0x00100508                __adddf3
                0x001007b4                __aeabi_ui2d
                0x001007b4                __floatunsidf
                0x001007d8                __floatsidf
                0x001007d8                __aeabi_i2d
                0x00100800                __extendsfdf2
                0x00100800                __aeabi_f2d
                0x00100848                __aeabi_ul2d
                0x00100848                __floatundidf
                0x0010085c                __aeabi_l2d
                0x0010085c                __floatdidf
 .text          0x001008bc       0x3c /opt/devkitpro/devkitARM/bin/../lib/gcc/arm-none-eabi/14.2.0/armv6k/fpu/libgcc.a(_aeabi_uldivmod.o)
                0x001008bc                __aeabi_uldivmod
 .text          0x001008f8      0x1a8 /opt/devkitpro/devkitARM/bin/../lib/gcc/arm-none-eabi/14.2.0/armv6k/fpu/libgcc.a(libunwind.o)
                0x001008f8                __restore_core_regs
                0x001008f8                restore_core_regs
                0x0010090c                __gnu_Unwind_Restore_VFP
                0x00100914                __gnu_Unwind_Save_VFP
                0x0010091c                __gnu_Unwind_Restore_VFP_D
                0x00100924                __gnu_Unwind_Save_VFP_D
                0x0010092c                __gnu_Unwind_Restore_VFP_D_16_to_31
                0x00100934                __gnu_Unwind_Save_VFP_D_16_to_31
                0x0010093c                __gnu_Unwind_Restore_WMMXD
                0x00100980                __gnu_Unwind_Save_WMMXD
                0x001009c4                __gnu_Unwind_Restore_WMMXC
                0x001009d8                __gnu_Unwind_Save_WMMXC
                0x001009ec                _Unwind_RaiseException
                0x001009ec                ___Unwind_RaiseException
                0x00100a10                ___Unwind_Resume
                0x00100a10                _Unwind_Resume
                0x00100a34                ___Unwind_Resume_or_Rethrow
                0x00100a34                _Unwind_Resume_or_Rethrow
                0x00100a58                _Unwind_ForcedUnwind
                0x00100a58                ___Unwind_ForcedUnwind
                0x00100a7c                _Unwind_Backtrace
                0x00100a7c                ___Unwind_Backtrace
 .text          0x00100aa0       0x34 /opt/devkitpro/devkitARM/bin/../lib/gcc/arm-none-eabi/14.2.0/../../../../arm-none-eabi/lib/armv6k/fpu/libg.a(libc_a-setjmp.o)
                0x00100aa0                setjmp
                0x00100ab8                longjmp
 *fill*         0x00100ad4        0xc 
 .text          0x00100ae0      0x390 /opt/devkitpro/devkitARM/bin/../lib/gcc/arm-none-eabi/14.2.0/../../../../arm-none-eabi/lib/armv6k/fpu/libg.a(libc_a-strcmp.o)
                0x00100ae8                strcmp
 *(.text.*)
 .text.__do_global_dtors_aux
                0x00100e70       0x40 /opt/devkitpro/devkitARM/bin/../lib/gcc/arm-none-eabi/14.2.0/armv6k/fpu/crtbegin.o
 .text.frame_dummy
                0x00100eb0       0x2c /opt/devkitpro/devkitARM/bin/../lib/gcc/arm-none-eabi/14.2.0/armv6k/fpu/crtbegin.o
 .text._Z7cleanupv
                0x00100edc       0x14 main.o
                0x00100edc                cleanup()
 .text._Z17loadImageFromFilePKcP7C3D_TexP9C2D_Image
                0x00100ef0      0x400 main.o
                0x00100ef0                loadImageFromFile(char const*, C3D_Tex*, C2D_Image*)
 .text._Z11waitForExitv
                0x001012f0       0x24 main.o
                0x001012f0                waitForExit()
 *fill*         0x00101314        0x4 
 .text.startup.main
                0x00101318      0x2c8 main.o
                0x00101318                main
 .text.C2Di_FrameEndHook
                0x001015e0       0x44 /opt/devkitpro/libctru/lib/libcitro2d.a(base.o)
 *fill*         0x00101624        0x4 
 .text.C2D_Init
                0x00101628      0x36c /opt/devkitpro/libctru/lib/libcitro2d.a(base.o)
                0x00101628                C2D_Init
 .text.C2D_Fini
                0x00101994       0x4c /opt/devkitpro/libctru/lib/libcitro2d.a(base.o)
                0x00101994                C2D_Fini
 .text.C2D_Prepare
                0x001019e0       0xb8 /opt/devkitpro/libctru/lib/libcitro2d.a(base.o)
                0x001019e0                C2D_Prepare
 .text.C2D_Flush
                0x00101a98       0x48 /opt/devkitpro/libctru/lib/libcitro2d.a(base.o)
                0x00101a98                C2D_Flush
 .text.C2D_SceneSize
                0x00101ae0      0x104 /opt/devkitpro/libctru/lib/libcitro2d.a(base.o)
                0x00101ae0                C2D_SceneSize
 .text.C2D_CreateScreenTarget
                0x00101be4       0x58 /opt/devkitpro/libctru/lib/libcitro2d.a(base.o)
                0x00101be4                C2D_CreateScreenTarget
 .text.C2D_TargetClear
                0x00101c3c       0x64 /opt/devkitpro/libctru/lib/libcitro2d.a(base.o)
                0x00101c3c                C2D_TargetClear
 .text.C2Di_CalcQuad
                0x00101ca0      0x13c /opt/devkitpro/libctru/lib/libcitro2d.a(base.o)
                0x00101ca0                C2Di_CalcQuad
 .text.C2Di_AppendQuad
                0x00101ddc       0x58 /opt/devkitpro/libctru/lib/libcitro2d.a(base.o)
                0x00101ddc                C2Di_AppendQuad
 .text.C2Di_Update
                0x00101e34      0x550 /opt/devkitpro/libctru/lib/libcitro2d.a(base.o)
                0x00101e34                C2Di_Update
 .text.C2D_DrawImage
                0x00102384      0x2b0 /opt/devkitpro/libctru/lib/libcitro2d.a(base.o)
                0x00102384                C2D_DrawImage
 .text.AttrInfo_Init
                0x00102634       0x28 /opt/devkitpro/libctru/lib/libcitro3d.a(attribs.o)
                0x00102634                AttrInfo_Init
 .text.AttrInfo_AddLoader
                0x0010265c       0x94 /opt/devkitpro/libctru/lib/libcitro3d.a(attribs.o)
                0x0010265c                AttrInfo_AddLoader
 .text.C3D_SetAttrInfo
                0x001026f0       0x54 /opt/devkitpro/libctru/lib/libcitro3d.a(attribs.o)
                0x001026f0                C3D_SetAttrInfo
 .text.C3Di_AttrInfoBind
                0x00102744       0x80 /opt/devkitpro/libctru/lib/libcitro3d.a(attribs.o)
                0x00102744                C3Di_AttrInfoBind
 .text.C3Di_LightEnvUpdate
                0x001027c4        0x4 /opt/devkitpro/libctru/lib/libcitro3d.a(base.o)
                0x001027c4                C3Di_LightEnvUpdate
 .text.C3Di_LightEnvDirty
                0x001027c8        0x4 /opt/devkitpro/libctru/lib/libcitro3d.a(base.o)
                0x001027c8                C3Di_LightEnvDirty
 .text.C3Di_AptEventHook
                0x001027cc       0xb4 /opt/devkitpro/libctru/lib/libcitro3d.a(base.o)
 .text.C3Di_GasUpdate
                0x00102880        0x4 /opt/devkitpro/libctru/lib/libcitro3d.a(base.o)
                0x00102880                C3Di_GasUpdate
 .text.C3D_Init
                0x00102884      0x1d0 /opt/devkitpro/libctru/lib/libcitro3d.a(base.o)
                0x00102884                C3D_Init
 .text.C3D_SetViewport
                0x00102a54       0x98 /opt/devkitpro/libctru/lib/libcitro3d.a(base.o)
                0x00102a54                C3D_SetViewport
 .text.C3Di_UpdateContext
                0x00102aec      0x4e8 /opt/devkitpro/libctru/lib/libcitro3d.a(base.o)
                0x00102aec                C3Di_UpdateContext
 .text.C3Di_SplitFrame
                0x00102fd4       0xe0 /opt/devkitpro/libctru/lib/libcitro3d.a(base.o)
                0x00102fd4                C3Di_SplitFrame
 .text.C3D_Fini
                0x001030b4       0x44 /opt/devkitpro/libctru/lib/libcitro3d.a(base.o)
                0x001030b4                C3D_Fini
 .text.C3D_BindProgram
                0x001030f8      0x194 /opt/devkitpro/libctru/lib/libcitro3d.a(base.o)
                0x001030f8                C3D_BindProgram
 .text.BufInfo_Init
                0x0010328c       0x24 /opt/devkitpro/libctru/lib/libcitro3d.a(buffers.o)
                0x0010328c                BufInfo_Init
 .text.BufInfo_Add
                0x001032b0       0x80 /opt/devkitpro/libctru/lib/libcitro3d.a(buffers.o)
                0x001032b0                BufInfo_Add
 .text.C3D_SetBufInfo
                0x00103330       0x3c /opt/devkitpro/libctru/lib/libcitro3d.a(buffers.o)
                0x00103330                C3D_SetBufInfo
 .text.C3Di_BufInfoBind
                0x0010336c       0x48 /opt/devkitpro/libctru/lib/libcitro3d.a(buffers.o)
                0x0010336c                C3Di_BufInfoBind
 .text.C3D_DrawElements
                0x001033b4      0x21c /opt/devkitpro/libctru/lib/libcitro3d.a(drawElements.o)
                0x001033b4                C3D_DrawElements
 .text.C3D_DepthMap
                0x001035d0       0x40 /opt/devkitpro/libctru/lib/libcitro3d.a(effect.o)
                0x001035d0                C3D_DepthMap
 .text.C3D_CullFace
                0x00103610       0x1c /opt/devkitpro/libctru/lib/libcitro3d.a(effect.o)
                0x00103610                C3D_CullFace
 .text.C3D_StencilTest
                0x0010362c       0x40 /opt/devkitpro/libctru/lib/libcitro3d.a(effect.o)
                0x0010362c                C3D_StencilTest
 .text.C3D_StencilOp
                0x0010366c       0x24 /opt/devkitpro/libctru/lib/libcitro3d.a(effect.o)
                0x0010366c                C3D_StencilOp
 .text.C3D_BlendingColor
                0x00103690       0x1c /opt/devkitpro/libctru/lib/libcitro3d.a(effect.o)
                0x00103690                C3D_BlendingColor
 .text.C3D_EarlyDepthTest
                0x001036ac       0x24 /opt/devkitpro/libctru/lib/libcitro3d.a(effect.o)
                0x001036ac                C3D_EarlyDepthTest
 .text.C3D_DepthTest
                0x001036d0       0x2c /opt/devkitpro/libctru/lib/libcitro3d.a(effect.o)
                0x001036d0                C3D_DepthTest
 .text.C3D_AlphaTest
                0x001036fc       0x2c /opt/devkitpro/libctru/lib/libcitro3d.a(effect.o)
                0x001036fc                C3D_AlphaTest
 .text.C3D_AlphaBlend
                0x00103728       0x50 /opt/devkitpro/libctru/lib/libcitro3d.a(effect.o)
                0x00103728                C3D_AlphaBlend
 .text.C3D_FragOpMode
                0x00103778       0x30 /opt/devkitpro/libctru/lib/libcitro3d.a(effect.o)
                0x00103778                C3D_FragOpMode
 .text.C3D_FragOpShadow
                0x001037a8       0x44 /opt/devkitpro/libctru/lib/libcitro3d.a(effect.o)
                0x001037a8                C3D_FragOpShadow
 .text.C3Di_EffectBind
                0x001037ec      0x1ac /opt/devkitpro/libctru/lib/libcitro3d.a(effect.o)
                0x001037ec                C3Di_EffectBind
 .text.C3D_CalcColorBufSize
                0x00103998       0x1c /opt/devkitpro/libctru/lib/libcitro3d.a(framebuffer.o)
                0x00103998                C3D_CalcColorBufSize
 .text.C3D_CalcDepthBufSize
                0x001039b4       0x1c /opt/devkitpro/libctru/lib/libcitro3d.a(framebuffer.o)
                0x001039b4                C3D_CalcDepthBufSize
 .text.C3D_SetFrameBuf
                0x001039d0       0x44 /opt/devkitpro/libctru/lib/libcitro3d.a(framebuffer.o)
                0x001039d0                C3D_SetFrameBuf
 .text.C3Di_FrameBufBind
                0x00103a14      0x16c /opt/devkitpro/libctru/lib/libcitro3d.a(framebuffer.o)
                0x00103a14                C3Di_FrameBufBind
 .text.C3D_FrameBufClear
                0x00103b80       0xc8 /opt/devkitpro/libctru/lib/libcitro3d.a(framebuffer.o)
                0x00103b80                C3D_FrameBufClear
 .text.C3D_FrameBufTransfer
                0x00103c48       0x44 /opt/devkitpro/libctru/lib/libcitro3d.a(framebuffer.o)
                0x00103c48                C3D_FrameBufTransfer
 .text.C3D_ImmSendAttrib
                0x00103c8c       0xa8 /opt/devkitpro/libctru/lib/libcitro3d.a(immediate.o)
                0x00103c8c                C3D_ImmSendAttrib
 .text.C3D_ProcTexInit
                0x00103d34       0x70 /opt/devkitpro/libctru/lib/libcitro3d.a(proctex.o)
                0x00103d34                C3D_ProcTexInit
 .text.C3D_ProcTexBind
                0x00103da4       0x54 /opt/devkitpro/libctru/lib/libcitro3d.a(proctex.o)
                0x00103da4                C3D_ProcTexBind
 .text.C3D_ProcTexLutBind
                0x00103df8       0x5c /opt/devkitpro/libctru/lib/libcitro3d.a(proctex.o)
                0x00103df8                C3D_ProcTexLutBind
 .text.ProcTexLut_FromArray
                0x00103e54       0xa4 /opt/devkitpro/libctru/lib/libcitro3d.a(proctex.o)
                0x00103e54                ProcTexLut_FromArray
 .text.C3Di_ProcTexUpdate
                0x00103ef8      0x178 /opt/devkitpro/libctru/lib/libcitro3d.a(proctex.o)
                0x00103ef8                C3Di_ProcTexUpdate
 .text.C3Di_ProcTexDirty
                0x00104070       0x68 /opt/devkitpro/libctru/lib/libcitro3d.a(proctex.o)
                0x00104070                C3Di_ProcTexDirty
 .text.onVBlank0
                0x001040d8       0x4c /opt/devkitpro/libctru/lib/libcitro3d.a(renderqueue.o)
 .text.onVBlank1
                0x00104124       0x4c /opt/devkitpro/libctru/lib/libcitro3d.a(renderqueue.o)
 .text.C3Di_RenderTargetDestroy
                0x00104170       0x80 /opt/devkitpro/libctru/lib/libcitro3d.a(renderqueue.o)
 .text.onQueueFinish
                0x001041f0       0xf4 /opt/devkitpro/libctru/lib/libcitro3d.a(renderqueue.o)
 .text.C3Di_RenderQueueEnableVBlank
                0x001042e4       0x38 /opt/devkitpro/libctru/lib/libcitro3d.a(renderqueue.o)
                0x001042e4                C3Di_RenderQueueEnableVBlank
 .text.C3Di_RenderQueueDisableVBlank
                0x0010431c       0x30 /opt/devkitpro/libctru/lib/libcitro3d.a(renderqueue.o)
                0x0010431c                C3Di_RenderQueueDisableVBlank
 .text.C3Di_RenderQueueInit
                0x0010434c       0x60 /opt/devkitpro/libctru/lib/libcitro3d.a(renderqueue.o)
                0x0010434c                C3Di_RenderQueueInit
 .text.C3Di_RenderQueueExit
                0x001043ac       0xb4 /opt/devkitpro/libctru/lib/libcitro3d.a(renderqueue.o)
                0x001043ac                C3Di_RenderQueueExit
 .text.C3Di_RenderQueueWaitDone
                0x00104460       0x34 /opt/devkitpro/libctru/lib/libcitro3d.a(renderqueue.o)
                0x00104460                C3Di_RenderQueueWaitDone
 .text.C3D_FrameBegin
                0x00104494       0xe8 /opt/devkitpro/libctru/lib/libcitro3d.a(renderqueue.o)
                0x00104494                C3D_FrameBegin
 .text.C3D_FrameDrawOn
                0x0010457c       0x48 /opt/devkitpro/libctru/lib/libcitro3d.a(renderqueue.o)
                0x0010457c                C3D_FrameDrawOn
 .text.C3D_FrameSplit
                0x001045c4       0x58 /opt/devkitpro/libctru/lib/libcitro3d.a(renderqueue.o)
                0x001045c4                C3D_FrameSplit
 .text.C3D_FrameEnd
                0x0010461c      0x1d0 /opt/devkitpro/libctru/lib/libcitro3d.a(renderqueue.o)
                0x0010461c                C3D_FrameEnd
 .text.C3D_FrameEndHook
                0x001047ec       0x1c /opt/devkitpro/libctru/lib/libcitro3d.a(renderqueue.o)
                0x001047ec                C3D_FrameEndHook
 .text.C3D_RenderTargetCreate
                0x00104808      0x170 /opt/devkitpro/libctru/lib/libcitro3d.a(renderqueue.o)
                0x00104808                C3D_RenderTargetCreate
 .text.C3D_RenderTargetSetOutput
                0x00104978       0xa8 /opt/devkitpro/libctru/lib/libcitro3d.a(renderqueue.o)
                0x00104978                C3D_RenderTargetSetOutput
 .text.C3D_GetTexEnv
                0x00104a20       0x34 /opt/devkitpro/libctru/lib/libcitro3d.a(texenv.o)
                0x00104a20                C3D_GetTexEnv
 .text.C3Di_TexEnvBind
                0x00104a54       0x24 /opt/devkitpro/libctru/lib/libcitro3d.a(texenv.o)
                0x00104a54                C3Di_TexEnvBind
 .text.C3D_TexInitWithParams
                0x00104a78      0x290 /opt/devkitpro/libctru/lib/libcitro3d.a(texture.o)
                0x00104a78                C3D_TexInitWithParams
 .text.C3D_TexBind
                0x00104d08       0x44 /opt/devkitpro/libctru/lib/libcitro3d.a(texture.o)
                0x00104d08                C3D_TexBind
 .text.C3Di_SetTex
                0x00104d4c      0x14c /opt/devkitpro/libctru/lib/libcitro3d.a(texture.o)
                0x00104d4c                C3Di_SetTex
 .text.C3D_UpdateUniforms
                0x00104e98      0x290 /opt/devkitpro/libctru/lib/libcitro3d.a(uniforms.o)
                0x00104e98                C3D_UpdateUniforms
 .text.C3Di_DirtyUniforms
                0x00105128       0xc0 /opt/devkitpro/libctru/lib/libcitro3d.a(uniforms.o)
                0x00105128                C3Di_DirtyUniforms
 .text.C3Di_LoadShaderUniforms
                0x001051e8       0xd8 /opt/devkitpro/libctru/lib/libcitro3d.a(uniforms.o)
                0x001051e8                C3Di_LoadShaderUniforms
 .text.C3Di_ClearShaderUniforms
                0x001052c0       0x28 /opt/devkitpro/libctru/lib/libcitro3d.a(uniforms.o)
                0x001052c0                C3Di_ClearShaderUniforms
 .text.Mtx_Ortho
                0x001052e8       0xcc /opt/devkitpro/libctru/lib/libcitro3d.a(mtx_ortho.o)
                0x001052e8                Mtx_Ortho
 .text.Mtx_OrthoTilt
                0x001053b4       0xcc /opt/devkitpro/libctru/lib/libcitro3d.a(mtx_orthotilt.o)
                0x001053b4                Mtx_OrthoTilt
 .text._ZL21addrMapNodeComparatorPK11rbtree_nodeS1_
                0x00105480       0x24 /opt/devkitpro/libctru/lib/libctru.a(linear.o)
 .text._ZL21addrMapNodeDestructorP11rbtree_node
                0x001054a4        0x4 /opt/devkitpro/libctru/lib/libctru.a(linear.o)
 .text.linearMemAlign
                0x001054a8      0x120 /opt/devkitpro/libctru/lib/libctru.a(linear.o)
                0x001054a8                linearMemAlign
 .text.linearAlloc
                0x001055c8        0x8 /opt/devkitpro/libctru/lib/libctru.a(linear.o)
                0x001055c8                linearAlloc
 .text.linearFree
                0x001055d0       0x5c /opt/devkitpro/libctru/lib/libctru.a(linear.o)
                0x001055d0                linearFree
 .text._ZN7MemPool13CoalesceRightEP8MemBlock
                0x0010562c       0x84 /opt/devkitpro/libctru/lib/libctru.a(mem_pool.o)
                0x0010562c                MemPool::CoalesceRight(MemBlock*)
 .text._ZN7MemPool8AllocateER8MemChunkmi
                0x001056b0      0x150 /opt/devkitpro/libctru/lib/libctru.a(mem_pool.o)
                0x001056b0                MemPool::Allocate(MemChunk&, unsigned long, int)
 .text._ZN7MemPool10DeallocateERK8MemChunk
                0x00105800       0xfc /opt/devkitpro/libctru/lib/libctru.a(mem_pool.o)
                0x00105800                MemPool::Deallocate(MemChunk const&)
 .text._ZN7MemPool12GetFreeSpaceEv
                0x001058fc       0x30 /opt/devkitpro/libctru/lib/libctru.a(mem_pool.o)
                0x001058fc                MemPool::GetFreeSpace()
 .text._ZL21addrMapNodeComparatorPK11rbtree_nodeS1_
                0x0010592c       0x24 /opt/devkitpro/libctru/lib/libctru.a(vram.o)
 .text._ZL21addrMapNodeDestructorP11rbtree_node
                0x00105950        0x4 /opt/devkitpro/libctru/lib/libctru.a(vram.o)
 .text.vramMemAlignAt
                0x00105954      0x244 /opt/devkitpro/libctru/lib/libctru.a(vram.o)
                0x00105954                vramMemAlignAt
 .text.vramAlloc
                0x00105b98        0xc /opt/devkitpro/libctru/lib/libctru.a(vram.o)
                0x00105b98                vramAlloc
 .text.vramAllocAt
                0x00105ba4        0xc /opt/devkitpro/libctru/lib/libctru.a(vram.o)
                0x00105ba4                vramAllocAt
 .text.vramFree
                0x00105bb0       0x90 /opt/devkitpro/libctru/lib/libctru.a(vram.o)
                0x00105bb0                vramFree
 .text.consoleHandleColorEsc
                0x00105c40      0x45c /opt/devkitpro/libctru/lib/libctru.a(console.o)
 .text.consoleColorStateShift
                0x0010609c       0xb8 /opt/devkitpro/libctru/lib/libctru.a(console.o)
 .text.consoleDrawChar
                0x00106154      0x1ac /opt/devkitpro/libctru/lib/libctru.a(console.o)
                0x00106154                consoleDrawChar
 .text.consolePrintChar
                0x00106300      0x11c /opt/devkitpro/libctru/lib/libctru.a(console.o)
                0x00106300                consolePrintChar
 .text.con_write
                0x0010641c      0x5ec /opt/devkitpro/libctru/lib/libctru.a(console.o)
                0x0010641c                con_write
 .text.newRow   0x00106a08      0x124 /opt/devkitpro/libctru/lib/libctru.a(console.o)
 .text.consoleInit
                0x00106b2c      0x18c /opt/devkitpro/libctru/lib/libctru.a(console.o)
                0x00106b2c                consoleInit
 .text.gfxPresentFramebuffer
                0x00106cb8       0xd0 /opt/devkitpro/libctru/lib/libctru.a(gfx.o)
 .text.gfxSet3D
                0x00106d88       0x10 /opt/devkitpro/libctru/lib/libctru.a(gfx.o)
                0x00106d88                gfxSet3D
 .text.gfxIsWide
                0x00106d98       0x1c /opt/devkitpro/libctru/lib/libctru.a(gfx.o)
                0x00106d98                gfxIsWide
 .text.gfxSetScreenFormat
                0x00106db4       0xec /opt/devkitpro/libctru/lib/libctru.a(gfx.o)
                0x00106db4                gfxSetScreenFormat
 .text.gfxSetDoubleBuffering
                0x00106ea0       0x10 /opt/devkitpro/libctru/lib/libctru.a(gfx.o)
                0x00106ea0                gfxSetDoubleBuffering
 .text.gfxInit  0x00106eb0       0xd8 /opt/devkitpro/libctru/lib/libctru.a(gfx.o)
                0x00106eb0                gfxInit
 .text.gfxInitDefault
                0x00106f88       0x10 /opt/devkitpro/libctru/lib/libctru.a(gfx.o)
                0x00106f88                gfxInitDefault
 .text.gfxExit  0x00106f98       0xb4 /opt/devkitpro/libctru/lib/libctru.a(gfx.o)
                0x00106f98                gfxExit
 .text.gfxGetFramebuffer
                0x0010704c       0xa0 /opt/devkitpro/libctru/lib/libctru.a(gfx.o)
                0x0010704c                gfxGetFramebuffer
 .text.gfxFlushBuffers
                0x001070ec      0x100 /opt/devkitpro/libctru/lib/libctru.a(gfx.o)
                0x001070ec                gfxFlushBuffers
 .text.gfxScreenSwapBuffers
                0x001071ec       0x30 /opt/devkitpro/libctru/lib/libctru.a(gfx.o)
                0x001071ec                gfxScreenSwapBuffers
 .text.gfxSwapBuffersGpu
                0x0010721c       0x50 /opt/devkitpro/libctru/lib/libctru.a(gfx.o)
                0x0010721c                gfxSwapBuffersGpu
 .text.osConvertVirtToPhys
                0x0010726c       0x74 /opt/devkitpro/libctru/lib/libctru.a(os.o)
                0x0010726c                osConvertVirtToPhys
 .text.__ctru_speedup_config
                0x001072e0       0x34 /opt/devkitpro/libctru/lib/libctru.a(os.o)
                0x001072e0                __ctru_speedup_config
 .text.GPUCMD_Add
                0x00107314      0x13c /opt/devkitpro/libctru/lib/libctru.a(gpu.o)
                0x00107314                GPUCMD_Add
 .text.GPUCMD_Split
                0x00107450       0xb0 /opt/devkitpro/libctru/lib/libctru.a(gpu.o)
                0x00107450                GPUCMD_Split
 .text.f32tof16
                0x00107500       0x34 /opt/devkitpro/libctru/lib/libctru.a(gpu.o)
                0x00107500                f32tof16
 .text.f32tof24
                0x00107534       0x34 /opt/devkitpro/libctru/lib/libctru.a(gpu.o)
                0x00107534                f32tof24
 .text.f32tof31
                0x00107568       0x38 /opt/devkitpro/libctru/lib/libctru.a(gpu.o)
                0x00107568                f32tof31
 .text.GX_BindQueue
                0x001075a0       0x10 /opt/devkitpro/libctru/lib/libctru.a(gx.o)
                0x001075a0                GX_BindQueue
 .text.GX_ProcessCommandList
                0x001075b0       0x78 /opt/devkitpro/libctru/lib/libctru.a(gx.o)
                0x001075b0                GX_ProcessCommandList
 .text.GX_MemoryFill
                0x00107628       0x74 /opt/devkitpro/libctru/lib/libctru.a(gx.o)
                0x00107628                GX_MemoryFill
 .text.GX_DisplayTransfer
                0x0010769c       0x70 /opt/devkitpro/libctru/lib/libctru.a(gx.o)
                0x0010769c                GX_DisplayTransfer
 .text.gxCmdQueueDoCommands.part.0
                0x0010770c       0x68 /opt/devkitpro/libctru/lib/libctru.a(gxqueue.o)
 .text.gxCmdQueueInterrupt
                0x00107774       0xc8 /opt/devkitpro/libctru/lib/libctru.a(gxqueue.o)
                0x00107774                gxCmdQueueInterrupt
 .text.gxCmdQueueClear
                0x0010783c       0x4c /opt/devkitpro/libctru/lib/libctru.a(gxqueue.o)
                0x0010783c                gxCmdQueueClear
 .text.gxCmdQueueAdd
                0x00107888       0xf8 /opt/devkitpro/libctru/lib/libctru.a(gxqueue.o)
                0x00107888                gxCmdQueueAdd
 .text.gxCmdQueueRun
                0x00107980       0x80 /opt/devkitpro/libctru/lib/libctru.a(gxqueue.o)
                0x00107980                gxCmdQueueRun
 .text.gxCmdQueueStop
                0x00107a00       0x60 /opt/devkitpro/libctru/lib/libctru.a(gxqueue.o)
                0x00107a00                gxCmdQueueStop
 .text.gxCmdQueueWait
                0x00107a60       0x8c /opt/devkitpro/libctru/lib/libctru.a(gxqueue.o)
                0x00107a60                gxCmdQueueWait
 .text.shaderInstanceInit
                0x00107aec      0x1d0 /opt/devkitpro/libctru/lib/libctru.a(shaderProgram.o)
                0x00107aec                shaderInstanceInit
 .text.shaderInstanceGetUniformLocation
                0x00107cbc       0x18 /opt/devkitpro/libctru/lib/libctru.a(shaderProgram.o)
                0x00107cbc                shaderInstanceGetUniformLocation
 .text.shaderProgramInit
                0x00107cd4       0x1c /opt/devkitpro/libctru/lib/libctru.a(shaderProgram.o)
                0x00107cd4                shaderProgramInit
 .text.shaderProgramFree
                0x00107cf0       0x64 /opt/devkitpro/libctru/lib/libctru.a(shaderProgram.o)
                0x00107cf0                shaderProgramFree
 .text.shaderProgramSetVsh
                0x00107d54       0x80 /opt/devkitpro/libctru/lib/libctru.a(shaderProgram.o)
                0x00107d54                shaderProgramSetVsh
 .text.shaderProgramConfigure
                0x00107dd4      0x8d0 /opt/devkitpro/libctru/lib/libctru.a(shaderProgram.o)
                0x00107dd4                shaderProgramConfigure
 .text.DVLE_GenerateOutmap.part.0
                0x001086a4      0x1dc /opt/devkitpro/libctru/lib/libctru.a(shbin.o)
 .text.DVLB_ParseFile
                0x00108880      0x1b0 /opt/devkitpro/libctru/lib/libctru.a(shbin.o)
                0x00108880                DVLB_ParseFile
 .text.DVLB_Free
                0x00108a30       0x38 /opt/devkitpro/libctru/lib/libctru.a(shbin.o)
                0x00108a30                DVLB_Free
 .text.DVLE_GetUniformRegister
                0x00108a68       0x74 /opt/devkitpro/libctru/lib/libctru.a(shbin.o)
                0x00108a68                DVLE_GetUniformRegister
 .text.aptConvertScreenForCapture
                0x00108adc      0x1b0 /opt/devkitpro/libctru/lib/libctru.a(apt.o)
 .text.aptDspSleep
                0x00108c8c        0x8 /opt/devkitpro/libctru/lib/libctru.a(apt.o)
                0x00108c8c                aptDspSleep
 .text.aptDspWakeup
                0x00108c94        0x4 /opt/devkitpro/libctru/lib/libctru.a(apt.o)
                0x00108c94                aptDspWakeup
 .text.aptDspCancel
                0x00108c98        0x4 /opt/devkitpro/libctru/lib/libctru.a(apt.o)
                0x00108c98                aptDspCancel
 .text.aptSendCommand
                0x00108c9c      0x158 /opt/devkitpro/libctru/lib/libctru.a(apt.o)
                0x00108c9c                aptSendCommand
 *fill*         0x00108df4        0x4 
 .text.aptExitProcess
                0x00108df8       0x44 /opt/devkitpro/libctru/lib/libctru.a(apt.o)
 .text.aptExit  0x00108e3c      0x380 /opt/devkitpro/libctru/lib/libctru.a(apt.o)
                0x00108e3c                aptExit
 .text.aptHandleSleep
                0x001091bc       0xd8 /opt/devkitpro/libctru/lib/libctru.a(apt.o)
                0x001091bc                aptHandleSleep
 .text.aptHook  0x00109294       0x30 /opt/devkitpro/libctru/lib/libctru.a(apt.o)
                0x00109294                aptHook
 .text.aptUnhook
                0x001092c4       0x30 /opt/devkitpro/libctru/lib/libctru.a(apt.o)
                0x001092c4                aptUnhook
 .text.APT_SleepIfShellClosed
                0x001092f4       0x84 /opt/devkitpro/libctru/lib/libctru.a(apt.o)
                0x001092f4                APT_SleepIfShellClosed
 .text.aptSetSleepAllowed
                0x00109378       0x78 /opt/devkitpro/libctru/lib/libctru.a(apt.o)
                0x00109378                aptSetSleepAllowed
 .text.APT_UnlockTransition
                0x001093f0       0x84 /opt/devkitpro/libctru/lib/libctru.a(apt.o)
                0x001093f0                APT_UnlockTransition
 *fill*         0x00109474        0x4 
 .text.aptEventHandler
                0x00109478      0x478 /opt/devkitpro/libctru/lib/libctru.a(apt.o)
 .text.APT_ReceiveParameter
                0x001098f0       0xb0 /opt/devkitpro/libctru/lib/libctru.a(apt.o)
                0x001098f0                APT_ReceiveParameter
 .text.aptReceiveParameter.constprop.0
                0x001099a0       0xac /opt/devkitpro/libctru/lib/libctru.a(apt.o)
 *fill*         0x00109a4c        0x4 
 .text.aptScreenTransfer
                0x00109a50      0x294 /opt/devkitpro/libctru/lib/libctru.a(apt.o)
 .text.aptWaitForWakeUp.isra.0
                0x00109ce4      0x2c8 /opt/devkitpro/libctru/lib/libctru.a(apt.o)
 .text.aptJumpToHomeMenu
                0x00109fac       0xf4 /opt/devkitpro/libctru/lib/libctru.a(apt.o)
                0x00109fac                aptJumpToHomeMenu
 .text.aptMainLoop
                0x0010a0a0       0x48 /opt/devkitpro/libctru/lib/libctru.a(apt.o)
                0x0010a0a0                aptMainLoop
 .text.aptInit  0x0010a0e8      0x22c /opt/devkitpro/libctru/lib/libctru.a(apt.o)
                0x0010a0e8                aptInit
 .text.APT_CheckNew3DS
                0x0010a314       0x7c /opt/devkitpro/libctru/lib/libctru.a(apt.o)
                0x0010a314                APT_CheckNew3DS
 .text.gspHardwareInit
                0x0010a390      0xc70 /opt/devkitpro/libctru/lib/libctru.a(gspgpu.o)
 .text.gspInit  0x0010b000      0x248 /opt/devkitpro/libctru/lib/libctru.a(gspgpu.o)
                0x0010b000                gspInit
 .text.gspExit  0x0010b248       0xe4 /opt/devkitpro/libctru/lib/libctru.a(gspgpu.o)
                0x0010b248                gspExit
 .text.gspHasGpuRight
                0x0010b32c       0x10 /opt/devkitpro/libctru/lib/libctru.a(gspgpu.o)
                0x0010b32c                gspHasGpuRight
 .text.gspPresentBuffer
                0x0010b33c       0xa0 /opt/devkitpro/libctru/lib/libctru.a(gspgpu.o)
                0x0010b33c                gspPresentBuffer
 .text.gspSetEventCallback
                0x0010b3dc       0x30 /opt/devkitpro/libctru/lib/libctru.a(gspgpu.o)
                0x0010b3dc                gspSetEventCallback
 .text.gspWaitForEvent
                0x0010b40c       0x44 /opt/devkitpro/libctru/lib/libctru.a(gspgpu.o)
                0x0010b40c                gspWaitForEvent
 .text.gspWaitForAnyEvent
                0x0010b450       0x4c /opt/devkitpro/libctru/lib/libctru.a(gspgpu.o)
                0x0010b450                gspWaitForAnyEvent
 .text.gspEventThreadMain
                0x0010b49c      0x160 /opt/devkitpro/libctru/lib/libctru.a(gspgpu.o)
 .text.gspSubmitGxCommand
                0x0010b5fc      0x130 /opt/devkitpro/libctru/lib/libctru.a(gspgpu.o)
                0x0010b5fc                gspSubmitGxCommand
 .text.GSPGPU_FlushDataCache
                0x0010b72c       0x50 /opt/devkitpro/libctru/lib/libctru.a(gspgpu.o)
                0x0010b72c                GSPGPU_FlushDataCache
 .text.GSPGPU_SetLcdForceBlack
                0x0010b77c       0x34 /opt/devkitpro/libctru/lib/libctru.a(gspgpu.o)
                0x0010b77c                GSPGPU_SetLcdForceBlack
 .text.GSPGPU_AcquireRight
                0x0010b7b0       0x68 /opt/devkitpro/libctru/lib/libctru.a(gspgpu.o)
                0x0010b7b0                GSPGPU_AcquireRight
 .text.GSPGPU_ReleaseRight
                0x0010b818       0x48 /opt/devkitpro/libctru/lib/libctru.a(gspgpu.o)
                0x0010b818                GSPGPU_ReleaseRight
 .text.GSPGPU_ImportDisplayCaptureInfo
                0x0010b860       0x7c /opt/devkitpro/libctru/lib/libctru.a(gspgpu.o)
                0x0010b860                GSPGPU_ImportDisplayCaptureInfo
 .text.GSPGPU_SaveVramSysArea
                0x0010b8dc       0x2c /opt/devkitpro/libctru/lib/libctru.a(gspgpu.o)
                0x0010b8dc                GSPGPU_SaveVramSysArea
 .text.GSPGPU_RestoreVramSysArea
                0x0010b908       0x2c /opt/devkitpro/libctru/lib/libctru.a(gspgpu.o)
                0x0010b908                GSPGPU_RestoreVramSysArea
 .text.hidShouldUseIrrst
                0x0010b934       0x24 /opt/devkitpro/libctru/lib/libctru.a(hid.o)
                0x0010b934                hidShouldUseIrrst
 .text.hidInit  0x0010b958      0x18c /opt/devkitpro/libctru/lib/libctru.a(hid.o)
                0x0010b958                hidInit
 .text.hidExit  0x0010bae4       0xe8 /opt/devkitpro/libctru/lib/libctru.a(hid.o)
                0x0010bae4                hidExit
 .text.hidScanInput
                0x0010bbcc      0x2a4 /opt/devkitpro/libctru/lib/libctru.a(hid.o)
                0x0010bbcc                hidScanInput
 .text.hidKeysHeld
                0x0010be70       0x10 /opt/devkitpro/libctru/lib/libctru.a(hid.o)
                0x0010be70                hidKeysHeld
 .text.hidKeysDown
                0x0010be80       0x10 /opt/devkitpro/libctru/lib/libctru.a(hid.o)
                0x0010be80                hidKeysDown
 .text.irrstInit
                0x0010be90      0x160 /opt/devkitpro/libctru/lib/libctru.a(irrst.o)
                0x0010be90                irrstInit
 .text.irrstExit
                0x0010bff0       0xcc /opt/devkitpro/libctru/lib/libctru.a(irrst.o)
                0x0010bff0                irrstExit
 .text.irrstScanInput
                0x0010c0bc       0xb4 /opt/devkitpro/libctru/lib/libctru.a(irrst.o)
                0x0010c0bc                irrstScanInput
 .text.irrstKeysHeld
                0x0010c170       0x24 /opt/devkitpro/libctru/lib/libctru.a(irrst.o)
                0x0010c170                irrstKeysHeld
 .text.ptmSysmInit
                0x0010c194       0x74 /opt/devkitpro/libctru/lib/libctru.a(ptmsysm.o)
                0x0010c194                ptmSysmInit
 .text.ptmSysmExit
                0x0010c208       0x3c /opt/devkitpro/libctru/lib/libctru.a(ptmsysm.o)
                0x0010c208                ptmSysmExit
 .text.PTMSYSM_ConfigureNew3DSCPU
                0x0010c244       0x34 /opt/devkitpro/libctru/lib/libctru.a(ptmsysm.o)
                0x0010c244                PTMSYSM_ConfigureNew3DSCPU
 .text.rbtree_find
                0x0010c278       0x74 /opt/devkitpro/libctru/lib/libctru.a(rbtree_find.o)
                0x0010c278                rbtree_find
 .text.rbtree_init
                0x0010c2ec       0x10 /opt/devkitpro/libctru/lib/libctru.a(rbtree_init.o)
                0x0010c2ec                rbtree_init
 .text.do_insert
                0x0010c2fc      0x19c /opt/devkitpro/libctru/lib/libctru.a(rbtree_insert.o)
 .text.rbtree_insert
                0x0010c498        0x8 /opt/devkitpro/libctru/lib/libctru.a(rbtree_insert.o)
                0x0010c498                rbtree_insert
 .text.rbtree_remove
                0x0010c4a0      0x310 /opt/devkitpro/libctru/lib/libctru.a(rbtree_remove.o)
                0x0010c4a0                rbtree_remove
 .text.rbtree_rotate
                0x0010c7b0       0x90 /opt/devkitpro/libctru/lib/libctru.a(rbtree_rotate.o)
                0x0010c7b0                rbtree_rotate
 .text.__system_allocateHeaps
                0x0010c840      0x1e0 /opt/devkitpro/libctru/lib/libctru.a(allocateHeaps.o)
                0x0010c840                __system_allocateHeaps
 .text.__libctru_init
                0x0010ca20       0x38 /opt/devkitpro/libctru/lib/libctru.a(ctru_init.o)
                0x0010ca20                __libctru_init
 .text.__system_initArgv
                0x0010ca58      0x160 /opt/devkitpro/libctru/lib/libctru.a(initArgv.o)
                0x0010ca58                __system_initArgv
 .text.__syscall_getreent
                0x0010cbb8       0x30 /opt/devkitpro/libctru/lib/libctru.a(syscalls.o)
                0x0010cbb8                __syscall_getreent
 .text.__syscall_lock_acquire
                0x0010cbe8        0x4 /opt/devkitpro/libctru/lib/libctru.a(syscalls.o)
                0x0010cbe8                __syscall_lock_acquire
 .text.__syscall_lock_release
                0x0010cbec        0x4 /opt/devkitpro/libctru/lib/libctru.a(syscalls.o)
                0x0010cbec                __syscall_lock_release
 .text.__syscall_lock_acquire_recursive
                0x0010cbf0        0x4 /opt/devkitpro/libctru/lib/libctru.a(syscalls.o)
                0x0010cbf0                __syscall_lock_acquire_recursive
 .text.__syscall_lock_release_recursive
                0x0010cbf4        0x4 /opt/devkitpro/libctru/lib/libctru.a(syscalls.o)
                0x0010cbf4                __syscall_lock_release_recursive
 .text.__syscall_exit
                0x0010cbf8        0x4 /opt/devkitpro/libctru/lib/libctru.a(syscalls.o)
                0x0010cbf8                __syscall_exit
 .text.initThreadVars
                0x0010cbfc       0x50 /opt/devkitpro/libctru/lib/libctru.a(syscalls.o)
                0x0010cbfc                initThreadVars
 .text.__system_initSyscalls
                0x0010cc4c       0x80 /opt/devkitpro/libctru/lib/libctru.a(syscalls.o)
                0x0010cc4c                __system_initSyscalls
 .text.svcControlMemory
                0x0010cccc       0x20 /opt/devkitpro/libctru/lib/libctru.a(svc.o)
                0x0010cccc                svcControlMemory
 .text.svcQueryMemory
                0x0010ccec       0x30 /opt/devkitpro/libctru/lib/libctru.a(svc.o)
                0x0010ccec                svcQueryMemory
 .text.svcExitProcess
                0x0010cd1c        0x8 /opt/devkitpro/libctru/lib/libctru.a(svc.o)
                0x0010cd1c                svcExitProcess
 .text.svcCreateThread
                0x0010cd24       0x20 /opt/devkitpro/libctru/lib/libctru.a(svc.o)
                0x0010cd24                svcCreateThread
 .text.svcExitThread
                0x0010cd44        0x8 /opt/devkitpro/libctru/lib/libctru.a(svc.o)
                0x0010cd44                svcExitThread
 .text.svcSleepThread
                0x0010cd4c        0x8 /opt/devkitpro/libctru/lib/libctru.a(svc.o)
                0x0010cd4c                svcSleepThread
 .text.svcReleaseMutex
                0x0010cd54        0x8 /opt/devkitpro/libctru/lib/libctru.a(svc.o)
                0x0010cd54                svcReleaseMutex
 .text.svcCreateEvent
                0x0010cd5c       0x14 /opt/devkitpro/libctru/lib/libctru.a(svc.o)
                0x0010cd5c                svcCreateEvent
 .text.svcSignalEvent
                0x0010cd70        0x8 /opt/devkitpro/libctru/lib/libctru.a(svc.o)
                0x0010cd70                svcSignalEvent
 .text.svcClearEvent
                0x0010cd78        0x8 /opt/devkitpro/libctru/lib/libctru.a(svc.o)
                0x0010cd78                svcClearEvent
 .text.svcMapMemoryBlock
                0x0010cd80        0x8 /opt/devkitpro/libctru/lib/libctru.a(svc.o)
                0x0010cd80                svcMapMemoryBlock
 .text.svcUnmapMemoryBlock
                0x0010cd88        0x8 /opt/devkitpro/libctru/lib/libctru.a(svc.o)
                0x0010cd88                svcUnmapMemoryBlock
 .text.svcCreateAddressArbiter
                0x0010cd90       0x14 /opt/devkitpro/libctru/lib/libctru.a(svc.o)
                0x0010cd90                svcCreateAddressArbiter
 .text.svcArbitrateAddressNoTimeout
                0x0010cda4        0x8 /opt/devkitpro/libctru/lib/libctru.a(svc.o)
                0x0010cda4                svcArbitrateAddressNoTimeout
 .text.svcCloseHandle
                0x0010cdac        0x8 /opt/devkitpro/libctru/lib/libctru.a(svc.o)
                0x0010cdac                svcCloseHandle
 .text.svcWaitSynchronization
                0x0010cdb4        0x8 /opt/devkitpro/libctru/lib/libctru.a(svc.o)
                0x0010cdb4                svcWaitSynchronization
 .text.svcWaitSynchronizationN
                0x0010cdbc       0x28 /opt/devkitpro/libctru/lib/libctru.a(svc.o)
                0x0010cdbc                svcWaitSynchronizationN
 .text.svcDuplicateHandle
                0x0010cde4       0x14 /opt/devkitpro/libctru/lib/libctru.a(svc.o)
                0x0010cde4                svcDuplicateHandle
 .text.svcGetSystemTick
                0x0010cdf8        0x8 /opt/devkitpro/libctru/lib/libctru.a(svc.o)
                0x0010cdf8                svcGetSystemTick
 .text.svcConnectToPort
                0x0010ce00       0x14 /opt/devkitpro/libctru/lib/libctru.a(svc.o)
                0x0010ce00                svcConnectToPort
 .text.svcSendSyncRequest
                0x0010ce14        0x8 /opt/devkitpro/libctru/lib/libctru.a(svc.o)
                0x0010ce14                svcSendSyncRequest
 .text.svcGetResourceLimit
                0x0010ce1c       0x14 /opt/devkitpro/libctru/lib/libctru.a(svc.o)
                0x0010ce1c                svcGetResourceLimit
 .text.svcGetResourceLimitLimitValues
                0x0010ce30        0x8 /opt/devkitpro/libctru/lib/libctru.a(svc.o)
                0x0010ce30                svcGetResourceLimitLimitValues
 .text.svcGetResourceLimitCurrentValues
                0x0010ce38        0x8 /opt/devkitpro/libctru/lib/libctru.a(svc.o)
                0x0010ce38                svcGetResourceLimitCurrentValues
 .text.svcBreak
                0x0010ce40        0x8 /opt/devkitpro/libctru/lib/libctru.a(svc.o)
                0x0010ce40                svcBreak
 .text.initSystem
                0x0010ce48       0x50 /opt/devkitpro/libctru/lib/libctru.a(stack_adjust.o)
                0x0010ce48                initSystem
 .text.__ctru_exit
                0x0010ce98       0x14 /opt/devkitpro/libctru/lib/libctru.a(stack_adjust.o)
                0x0010ce98                __ctru_exit
 .text.envGetHandle
                0x0010ceac       0x84 /opt/devkitpro/libctru/lib/libctru.a(env.o)
                0x0010ceac                envGetHandle
 .text.envDestroyHandles
                0x0010cf30       0x50 /opt/devkitpro/libctru/lib/libctru.a(env.o)
                0x0010cf30                envDestroyHandles
 .text.srvInit  0x0010cf80      0x12c /opt/devkitpro/libctru/lib/libctru.a(srv.o)
                0x0010cf80                srvInit
 .text.srvExit  0x0010d0ac       0x58 /opt/devkitpro/libctru/lib/libctru.a(srv.o)
                0x0010d0ac                srvExit
 .text.srvEnableNotification
                0x0010d104       0x60 /opt/devkitpro/libctru/lib/libctru.a(srv.o)
                0x0010d104                srvEnableNotification
 .text.srvGetServiceHandleDirect
                0x0010d164       0xa0 /opt/devkitpro/libctru/lib/libctru.a(srv.o)
                0x0010d164                srvGetServiceHandleDirect
 .text.srvGetServiceHandle
                0x0010d204       0x38 /opt/devkitpro/libctru/lib/libctru.a(srv.o)
                0x0010d204                srvGetServiceHandle
 .text.srvSubscribe
                0x0010d23c       0x34 /opt/devkitpro/libctru/lib/libctru.a(srv.o)
                0x0010d23c                srvSubscribe
 .text.srvReceiveNotification
                0x0010d270       0x60 /opt/devkitpro/libctru/lib/libctru.a(srv.o)
                0x0010d270                srvReceiveNotification
 .text.srvPublishToSubscriber
                0x0010d2d0       0x38 /opt/devkitpro/libctru/lib/libctru.a(srv.o)
                0x0010d2d0                srvPublishToSubscriber
 .text.__sync_init
                0x0010d308        0xc /opt/devkitpro/libctru/lib/libctru.a(synchronization.o)
                0x0010d308                __sync_init
 .text.__sync_fini
                0x0010d314       0x18 /opt/devkitpro/libctru/lib/libctru.a(synchronization.o)
                0x0010d314                __sync_fini
 .text.syncArbitrateAddress
                0x0010d32c       0x2c /opt/devkitpro/libctru/lib/libctru.a(synchronization.o)
                0x0010d32c                syncArbitrateAddress
 .text.LightLock_Lock
                0x0010d358       0xb0 /opt/devkitpro/libctru/lib/libctru.a(synchronization.o)
                0x0010d358                LightLock_Lock
 .text.LightLock_Unlock
                0x0010d408       0x40 /opt/devkitpro/libctru/lib/libctru.a(synchronization.o)
                0x0010d408                LightLock_Unlock
 .text.RecursiveLock_Lock
                0x0010d448       0x30 /opt/devkitpro/libctru/lib/libctru.a(synchronization.o)
                0x0010d448                RecursiveLock_Lock
 .text.RecursiveLock_Unlock
                0x0010d478       0x54 /opt/devkitpro/libctru/lib/libctru.a(synchronization.o)
                0x0010d478                RecursiveLock_Unlock
 .text.LightEvent_Init
                0x0010d4cc       0x40 /opt/devkitpro/libctru/lib/libctru.a(synchronization.o)
                0x0010d4cc                LightEvent_Init
 .text.LightEvent_Clear
                0x0010d50c       0xa4 /opt/devkitpro/libctru/lib/libctru.a(synchronization.o)
                0x0010d50c                LightEvent_Clear
 .text.LightEvent_Signal
                0x0010d5b0       0xc8 /opt/devkitpro/libctru/lib/libctru.a(synchronization.o)
                0x0010d5b0                LightEvent_Signal
 .text.LightEvent_TryWait
                0x0010d678       0x50 /opt/devkitpro/libctru/lib/libctru.a(synchronization.o)
                0x0010d678                LightEvent_TryWait
 .text.LightEvent_Wait
                0x0010d6c8       0xa0 /opt/devkitpro/libctru/lib/libctru.a(synchronization.o)
                0x0010d6c8                LightEvent_Wait
 .text.threadCreate
                0x0010d768      0x1d4 /opt/devkitpro/libctru/lib/libctru.a(thread.o)
                0x0010d768                threadCreate
 .text.threadFree
                0x0010d93c       0x2c /opt/devkitpro/libctru/lib/libctru.a(thread.o)
                0x0010d93c                threadFree
 .text.threadJoin
                0x0010d968       0x24 /opt/devkitpro/libctru/lib/libctru.a(thread.o)
                0x0010d968                threadJoin
 .text.threadGetCurrent
                0x0010d98c       0x30 /opt/devkitpro/libctru/lib/libctru.a(thread.o)
                0x0010d98c                threadGetCurrent
 .text.threadExit
                0x0010d9bc       0x40 /opt/devkitpro/libctru/lib/libctru.a(thread.o)
                0x0010d9bc                threadExit
 .text._thread_begin
                0x0010d9fc       0x20 /opt/devkitpro/libctru/lib/libctru.a(thread.o)
 .text.mappableFindAddressWithin
                0x0010da1c       0x90 /opt/devkitpro/libctru/lib/libctru.a(mappable.o)
 .text.mappableInit
                0x0010daac       0x28 /opt/devkitpro/libctru/lib/libctru.a(mappable.o)
                0x0010daac                mappableInit
 .text.mappableAlloc
                0x0010dad4       0x80 /opt/devkitpro/libctru/lib/libctru.a(mappable.o)
                0x0010dad4                mappableAlloc
 .text.mappableFree
                0x0010db54        0x4 /opt/devkitpro/libctru/lib/libctru.a(mappable.o)
                0x0010db54                mappableFree
 .text.srvPmGetSessionHandle
                0x0010db58        0xc /opt/devkitpro/libctru/lib/libctru.a(srvpm.o)
                0x0010db58                srvPmGetSessionHandle
 .text.rbtree_node_next
                0x0010db64       0x5c /opt/devkitpro/libctru/lib/libctru.a(rbtree_iterator.o)
                0x0010db64                rbtree_node_next
 .text.__appExit
                0x0010dbc0       0x30 /opt/devkitpro/libctru/lib/libctru.a(appExit.o)
                0x0010dbc0                __appExit
 .text.__appInit
                0x0010dbf0       0x30 /opt/devkitpro/libctru/lib/libctru.a(appInit.o)
                0x0010dbf0                __appInit
 .text.__libctru_exit
                0x0010dc20       0x90 /opt/devkitpro/libctru/lib/libctru.a(ctru_exit.o)
                0x0010dc20                __libctru_exit
 .text.archive_link
                0x0010dcb0       0x14 /opt/devkitpro/libctru/lib/libctru.a(archive_dev.o)
 .text.archive_dirreset
                0x0010dcc4       0x14 /opt/devkitpro/libctru/lib/libctru.a(archive_dev.o)
 .text.archive_chmod
                0x0010dcd8       0x14 /opt/devkitpro/libctru/lib/libctru.a(archive_dev.o)
 .text.error_cmp
                0x0010dcec       0x24 /opt/devkitpro/libctru/lib/libctru.a(archive_dev.o)
 .text.archive_translate_error
                0x0010dd10       0x50 /opt/devkitpro/libctru/lib/libctru.a(archive_dev.o)
 .text.archive_seek
                0x0010dd60       0xc4 /opt/devkitpro/libctru/lib/libctru.a(archive_dev.o)
 .text._archiveInit.part.0
                0x0010de24       0x78 /opt/devkitpro/libctru/lib/libctru.a(archive_dev.o)
 .text.archiveFindDevice.part.0
                0x0010de9c       0xc4 /opt/devkitpro/libctru/lib/libctru.a(archive_dev.o)
 .text.archive_utf16path
                0x0010df60      0x290 /opt/devkitpro/libctru/lib/libctru.a(archive_dev.o)
 .text._archiveUnmountDeviceStruct.part.0
                0x0010e1f0       0x9c /opt/devkitpro/libctru/lib/libctru.a(archive_dev.o)
 .text.archive_statvfs
                0x0010e28c       0x14 /opt/devkitpro/libctru/lib/libctru.a(archive_dev.o)
 .text.archive_fchmod
                0x0010e2a0       0x14 /opt/devkitpro/libctru/lib/libctru.a(archive_dev.o)
 .text._archiveMountDevice
                0x0010e2b4      0x168 /opt/devkitpro/libctru/lib/libctru.a(archive_dev.o)
 .text.archive_diropen
                0x0010e41c       0xe8 /opt/devkitpro/libctru/lib/libctru.a(archive_dev.o)
 .text.archive_fstat
                0x0010e504       0xa4 /opt/devkitpro/libctru/lib/libctru.a(archive_dev.o)
 .text.archive_fsync
                0x0010e5a8       0x6c /opt/devkitpro/libctru/lib/libctru.a(archive_dev.o)
 .text.archive_close
                0x0010e614       0x6c /opt/devkitpro/libctru/lib/libctru.a(archive_dev.o)
 .text.archive_dirclose
                0x0010e680       0x70 /opt/devkitpro/libctru/lib/libctru.a(archive_dev.o)
 .text.sdmc_statvfs
                0x0010e6f0       0xe4 /opt/devkitpro/libctru/lib/libctru.a(archive_dev.o)
 .text.archive_chdir
                0x0010e7d4       0xec /opt/devkitpro/libctru/lib/libctru.a(archive_dev.o)
 .text.archive_ftruncate
                0x0010e8c0       0x7c /opt/devkitpro/libctru/lib/libctru.a(archive_dev.o)
 .text.archive_read
                0x0010e93c       0xac /opt/devkitpro/libctru/lib/libctru.a(archive_dev.o)
 .text.archive_unlink
                0x0010e9e8       0xa4 /opt/devkitpro/libctru/lib/libctru.a(archive_dev.o)
 .text.archive_rmdir
                0x0010ea8c       0xbc /opt/devkitpro/libctru/lib/libctru.a(archive_dev.o)
 .text.archive_mkdir
                0x0010eb48       0xdc /opt/devkitpro/libctru/lib/libctru.a(archive_dev.o)
 .text.archive_stat
                0x0010ec24      0x194 /opt/devkitpro/libctru/lib/libctru.a(archive_dev.o)
 .text.archive_dirnext
                0x0010edb8      0x15c /opt/devkitpro/libctru/lib/libctru.a(archive_dev.o)
 .text.archive_write
                0x0010ef14      0x124 /opt/devkitpro/libctru/lib/libctru.a(archive_dev.o)
 .text.archive_open
                0x0010f038      0x210 /opt/devkitpro/libctru/lib/libctru.a(archive_dev.o)
 .text.archive_rename
                0x0010f248      0x268 /opt/devkitpro/libctru/lib/libctru.a(archive_dev.o)
 .text.archiveMountSdmc
                0x0010f4b0      0x19c /opt/devkitpro/libctru/lib/libctru.a(archive_dev.o)
                0x0010f4b0                archiveMountSdmc
 .text.archiveUnmountAll
                0x0010f64c       0x54 /opt/devkitpro/libctru/lib/libctru.a(archive_dev.o)
                0x0010f64c                archiveUnmountAll
 .text.fsInit   0x0010f6a0       0xd0 /opt/devkitpro/libctru/lib/libctru.a(fs.o)
                0x0010f6a0                fsInit
 .text.fsExit   0x0010f770       0x3c /opt/devkitpro/libctru/lib/libctru.a(fs.o)
                0x0010f770                fsExit
 .text.fsExemptFromSession
                0x0010f7ac       0x60 /opt/devkitpro/libctru/lib/libctru.a(fs.o)
                0x0010f7ac                fsExemptFromSession
 .text.fsUnexemptFromSession
                0x0010f80c       0x50 /opt/devkitpro/libctru/lib/libctru.a(fs.o)
                0x0010f80c                fsUnexemptFromSession
 .text.FSUSER_OpenFile
                0x0010f85c       0xcc /opt/devkitpro/libctru/lib/libctru.a(fs.o)
                0x0010f85c                FSUSER_OpenFile
 .text.FSUSER_DeleteFile
                0x0010f928       0xbc /opt/devkitpro/libctru/lib/libctru.a(fs.o)
                0x0010f928                FSUSER_DeleteFile
 .text.FSUSER_RenameFile
                0x0010f9e4       0xf8 /opt/devkitpro/libctru/lib/libctru.a(fs.o)
                0x0010f9e4                FSUSER_RenameFile
 .text.FSUSER_DeleteDirectory
                0x0010fadc       0xbc /opt/devkitpro/libctru/lib/libctru.a(fs.o)
                0x0010fadc                FSUSER_DeleteDirectory
 .text.FSUSER_CreateFile
                0x0010fb98       0xd4 /opt/devkitpro/libctru/lib/libctru.a(fs.o)
                0x0010fb98                FSUSER_CreateFile
 .text.FSUSER_CreateDirectory
                0x0010fc6c       0xc4 /opt/devkitpro/libctru/lib/libctru.a(fs.o)
                0x0010fc6c                FSUSER_CreateDirectory
 .text.FSUSER_RenameDirectory
                0x0010fd30       0xf8 /opt/devkitpro/libctru/lib/libctru.a(fs.o)
                0x0010fd30                FSUSER_RenameDirectory
 .text.FSUSER_OpenDirectory
                0x0010fe28       0xb4 /opt/devkitpro/libctru/lib/libctru.a(fs.o)
                0x0010fe28                FSUSER_OpenDirectory
 .text.FSUSER_OpenArchive
                0x0010fedc       0x94 /opt/devkitpro/libctru/lib/libctru.a(fs.o)
                0x0010fedc                FSUSER_OpenArchive
 .text.FSUSER_CloseArchive
                0x0010ff70       0x8c /opt/devkitpro/libctru/lib/libctru.a(fs.o)
                0x0010ff70                FSUSER_CloseArchive
 .text.FSUSER_GetSdmcArchiveResource
                0x0010fffc       0x74 /opt/devkitpro/libctru/lib/libctru.a(fs.o)
                0x0010fffc                FSUSER_GetSdmcArchiveResource
 .text.FSUSER_IsSdmcWritable
                0x00110070       0x64 /opt/devkitpro/libctru/lib/libctru.a(fs.o)
                0x00110070                FSUSER_IsSdmcWritable
 .text.FSFILE_Read
                0x001100d4       0x58 /opt/devkitpro/libctru/lib/libctru.a(fs.o)
                0x001100d4                FSFILE_Read
 .text.FSFILE_Write
                0x0011012c       0x60 /opt/devkitpro/libctru/lib/libctru.a(fs.o)
                0x0011012c                FSFILE_Write
 .text.FSFILE_GetSize
                0x0011018c       0x38 /opt/devkitpro/libctru/lib/libctru.a(fs.o)
                0x0011018c                FSFILE_GetSize
 .text.FSFILE_SetSize
                0x001101c4       0x28 /opt/devkitpro/libctru/lib/libctru.a(fs.o)
                0x001101c4                FSFILE_SetSize
 .text.FSFILE_Close
                0x001101ec       0x3c /opt/devkitpro/libctru/lib/libctru.a(fs.o)
                0x001101ec                FSFILE_Close
 .text.FSFILE_Flush
                0x00110228       0x24 /opt/devkitpro/libctru/lib/libctru.a(fs.o)
                0x00110228                FSFILE_Flush
 .text.FSDIR_Read
                0x0011024c       0x50 /opt/devkitpro/libctru/lib/libctru.a(fs.o)
                0x0011024c                FSDIR_Read
 .text.FSDIR_Close
                0x0011029c       0x3c /opt/devkitpro/libctru/lib/libctru.a(fs.o)
                0x0011029c                FSDIR_Close
 .text.decode_utf8
                0x001102d8      0x13c /opt/devkitpro/libctru/lib/libctru.a(decode_utf8.o)
                0x001102d8                decode_utf8
 .text.utf16_to_utf8
                0x00110414       0xe8 /opt/devkitpro/libctru/lib/libctru.a(utf16_to_utf8.o)
                0x00110414                utf16_to_utf8
 .text.utf8_to_utf16
                0x001104fc       0xc0 /opt/devkitpro/libctru/lib/libctru.a(utf8_to_utf16.o)
                0x001104fc                utf8_to_utf16
 .text.__aeabi_read_tp
                0x001105bc        0xc /opt/devkitpro/libctru/lib/libctru.a(readtp.o)
                0x001105bc                __aeabi_read_tp
 .text.decode_utf16
                0x001105c8       0x64 /opt/devkitpro/libctru/lib/libctru.a(decode_utf16.o)
                0x001105c8                decode_utf16
 .text.encode_utf16
                0x0011062c       0x54 /opt/devkitpro/libctru/lib/libctru.a(encode_utf16.o)
                0x0011062c                encode_utf16
 .text.encode_utf8
                0x00110680       0xe0 /opt/devkitpro/libctru/lib/libctru.a(encode_utf8.o)
                0x00110680                encode_utf8
 .text.png_colorspace_endpoints_match
                0x00110760      0x114 /opt/devkitpro/portlibs/3ds/lib/libpng.a(png.o)
 .text.png_zalloc
                0x00110874       0x4c /opt/devkitpro/portlibs/3ds/lib/libpng.a(png.o)
                0x00110874                png_zalloc
 .text.png_zfree
                0x001108c0        0x4 /opt/devkitpro/portlibs/3ds/lib/libpng.a(png.o)
                0x001108c0                png_zfree
 .text.png_colorspace_set_xy_and_XYZ
                0x001108c4      0x100 /opt/devkitpro/portlibs/3ds/lib/libpng.a(png.o)
 .text.png_compare_ICC_profile_with_sRGB
                0x001109c4      0x198 /opt/devkitpro/portlibs/3ds/lib/libpng.a(png.o)
 *fill*         0x00110b5c        0x4 
 .text.png_build_16bit_table
                0x00110b60      0x18c /opt/devkitpro/portlibs/3ds/lib/libpng.a(png.o)
 .text.png_free_data.part.0
                0x00110cec      0x4e0 /opt/devkitpro/portlibs/3ds/lib/libpng.a(png.o)
 *fill*         0x001111cc        0x4 
 .text.png_muldiv.part.0
                0x001111d0       0xb8 /opt/devkitpro/portlibs/3ds/lib/libpng.a(png.o)
 .text.png_gamma_8bit_correct.part.0
                0x00111288       0x70 /opt/devkitpro/portlibs/3ds/lib/libpng.a(png.o)
 .text.png_build_8bit_table
                0x001112f8       0x88 /opt/devkitpro/portlibs/3ds/lib/libpng.a(png.o)
 .text.png_gamma_16bit_correct.part.0
                0x00111380       0x68 /opt/devkitpro/portlibs/3ds/lib/libpng.a(png.o)
 .text.png_icc_profile_error
                0x001113e8      0x1c4 /opt/devkitpro/portlibs/3ds/lib/libpng.a(png.o)
 *fill*         0x001115ac        0x4 
 .text.png_colorspace_check_gamma
                0x001115b0      0x10c /opt/devkitpro/portlibs/3ds/lib/libpng.a(png.o)
 *fill*         0x001116bc        0x4 
 .text.png_xy_from_XYZ
                0x001116c0      0x3b8 /opt/devkitpro/portlibs/3ds/lib/libpng.a(png.o)
 .text.png_sig_cmp
                0x00111a78       0x6c /opt/devkitpro/portlibs/3ds/lib/libpng.a(png.o)
                0x00111a78                png_sig_cmp
 .text.png_reset_crc
                0x00111ae4       0x20 /opt/devkitpro/portlibs/3ds/lib/libpng.a(png.o)
                0x00111ae4                png_reset_crc
 .text.png_calculate_crc
                0x00111b04       0x50 /opt/devkitpro/portlibs/3ds/lib/libpng.a(png.o)
                0x00111b04                png_calculate_crc
 .text.png_user_version_check
                0x00111b54       0xf8 /opt/devkitpro/portlibs/3ds/lib/libpng.a(png.o)
                0x00111b54                png_user_version_check
 .text.png_create_png_struct
                0x00111c4c      0x114 /opt/devkitpro/portlibs/3ds/lib/libpng.a(png.o)
                0x00111c4c                png_create_png_struct
 .text.png_create_info_struct
                0x00111d60       0x30 /opt/devkitpro/portlibs/3ds/lib/libpng.a(png.o)
                0x00111d60                png_create_info_struct
 .text.png_destroy_info_struct
                0x00111d90       0x60 /opt/devkitpro/portlibs/3ds/lib/libpng.a(png.o)
                0x00111d90                png_destroy_info_struct
 .text.png_free_data
                0x00111df0       0x10 /opt/devkitpro/portlibs/3ds/lib/libpng.a(png.o)
                0x00111df0                png_free_data
 .text.png_init_io
                0x00111e00        0xc /opt/devkitpro/portlibs/3ds/lib/libpng.a(png.o)
                0x00111e00                png_init_io
 .text.png_handle_as_unknown
                0x00111e0c       0xac /opt/devkitpro/portlibs/3ds/lib/libpng.a(png.o)
                0x00111e0c                png_handle_as_unknown
 .text.png_chunk_unknown_handling
                0x00111eb8       0x2c /opt/devkitpro/portlibs/3ds/lib/libpng.a(png.o)
                0x00111eb8                png_chunk_unknown_handling
 .text.png_zstream_error
                0x00111ee4       0xe4 /opt/devkitpro/portlibs/3ds/lib/libpng.a(png.o)
                0x00111ee4                png_zstream_error
 .text.png_colorspace_set_gamma
                0x00111fc8       0x90 /opt/devkitpro/portlibs/3ds/lib/libpng.a(png.o)
                0x00111fc8                png_colorspace_set_gamma
 .text.png_colorspace_sync_info
                0x00112058       0x68 /opt/devkitpro/portlibs/3ds/lib/libpng.a(png.o)
                0x00112058                png_colorspace_sync_info
 .text.png_colorspace_sync
                0x001120c0       0x30 /opt/devkitpro/portlibs/3ds/lib/libpng.a(png.o)
                0x001120c0                png_colorspace_sync
 .text.png_colorspace_set_sRGB
                0x001120f0      0x144 /opt/devkitpro/portlibs/3ds/lib/libpng.a(png.o)
                0x001120f0                png_colorspace_set_sRGB
 .text.png_icc_check_length
                0x00112234       0x7c /opt/devkitpro/portlibs/3ds/lib/libpng.a(png.o)
                0x00112234                png_icc_check_length
 .text.png_icc_check_header
                0x001122b0      0x38c /opt/devkitpro/portlibs/3ds/lib/libpng.a(png.o)
                0x001122b0                png_icc_check_header
 .text.png_icc_check_tag_table
                0x0011263c       0xd8 /opt/devkitpro/portlibs/3ds/lib/libpng.a(png.o)
                0x0011263c                png_icc_check_tag_table
 .text.png_icc_set_sRGB
                0x00112714       0x3c /opt/devkitpro/portlibs/3ds/lib/libpng.a(png.o)
                0x00112714                png_icc_set_sRGB
 .text.png_colorspace_set_rgb_coefficients
                0x00112750      0x22c /opt/devkitpro/portlibs/3ds/lib/libpng.a(png.o)
                0x00112750                png_colorspace_set_rgb_coefficients
 .text.png_check_IHDR
                0x0011297c      0x32c /opt/devkitpro/portlibs/3ds/lib/libpng.a(png.o)
                0x0011297c                png_check_IHDR
 .text.png_check_fp_number
                0x00112ca8      0x290 /opt/devkitpro/portlibs/3ds/lib/libpng.a(png.o)
                0x00112ca8                png_check_fp_number
 .text.png_check_fp_string
                0x00112f38       0x5c /opt/devkitpro/portlibs/3ds/lib/libpng.a(png.o)
                0x00112f38                png_check_fp_string
 *fill*         0x00112f94        0x4 
 .text.png_muldiv
                0x00112f98       0xc0 /opt/devkitpro/portlibs/3ds/lib/libpng.a(png.o)
                0x00112f98                png_muldiv
 .text.png_reciprocal
                0x00113058       0x78 /opt/devkitpro/portlibs/3ds/lib/libpng.a(png.o)
                0x00113058                png_reciprocal
 .text.png_XYZ_from_xy
                0x001130d0      0x368 /opt/devkitpro/portlibs/3ds/lib/libpng.a(png.o)
 .text.png_colorspace_set_chromaticities
                0x00113438       0xcc /opt/devkitpro/portlibs/3ds/lib/libpng.a(png.o)
                0x00113438                png_colorspace_set_chromaticities
 .text.png_gamma_significant
                0x00113504       0x20 /opt/devkitpro/portlibs/3ds/lib/libpng.a(png.o)
                0x00113504                png_gamma_significant
 *fill*         0x00113524        0x4 
 .text.png_reciprocal2
                0x00113528       0xa8 /opt/devkitpro/portlibs/3ds/lib/libpng.a(png.o)
                0x00113528                png_reciprocal2
 .text.png_gamma_8bit_correct
                0x001135d0       0x18 /opt/devkitpro/portlibs/3ds/lib/libpng.a(png.o)
                0x001135d0                png_gamma_8bit_correct
 .text.png_gamma_correct
                0x001135e8       0x5c /opt/devkitpro/portlibs/3ds/lib/libpng.a(png.o)
                0x001135e8                png_gamma_correct
 .text.png_destroy_gamma_table
                0x00113644      0x134 /opt/devkitpro/portlibs/3ds/lib/libpng.a(png.o)
                0x00113644                png_destroy_gamma_table
 .text.png_build_gamma_table
                0x00113778      0x5b8 /opt/devkitpro/portlibs/3ds/lib/libpng.a(png.o)
                0x00113778                png_build_gamma_table
 .text.png_format_buffer.isra.0
                0x00113d30       0xec /opt/devkitpro/portlibs/3ds/lib/libpng.a(pngerror.o)
 .text.png_safecat
                0x00113e1c       0x88 /opt/devkitpro/portlibs/3ds/lib/libpng.a(pngerror.o)
                0x00113e1c                png_safecat
 .text.png_format_number
                0x00113ea4      0x288 /opt/devkitpro/portlibs/3ds/lib/libpng.a(pngerror.o)
                0x00113ea4                png_format_number
 .text.png_warning
                0x0011412c       0x94 /opt/devkitpro/portlibs/3ds/lib/libpng.a(pngerror.o)
                0x0011412c                png_warning
 .text.png_chunk_warning
                0x001141c0       0x68 /opt/devkitpro/portlibs/3ds/lib/libpng.a(pngerror.o)
                0x001141c0                png_chunk_warning
 .text.png_free_jmpbuf
                0x00114228       0x94 /opt/devkitpro/portlibs/3ds/lib/libpng.a(pngerror.o)
                0x00114228                png_free_jmpbuf
 .text.png_longjmp
                0x001142bc       0x2c /opt/devkitpro/portlibs/3ds/lib/libpng.a(pngerror.o)
                0x001142bc                png_longjmp
 .text.png_default_error
                0x001142e8       0x50 /opt/devkitpro/portlibs/3ds/lib/libpng.a(pngerror.o)
 .text.png_error
                0x00114338       0x2c /opt/devkitpro/portlibs/3ds/lib/libpng.a(pngerror.o)
                0x00114338                png_error
 .text.png_app_warning
                0x00114364       0x18 /opt/devkitpro/portlibs/3ds/lib/libpng.a(pngerror.o)
                0x00114364                png_app_warning
 .text.png_app_error
                0x0011437c       0x18 /opt/devkitpro/portlibs/3ds/lib/libpng.a(pngerror.o)
                0x0011437c                png_app_error
 .text.png_set_longjmp_fn
                0x00114394       0xa8 /opt/devkitpro/portlibs/3ds/lib/libpng.a(pngerror.o)
                0x00114394                png_set_longjmp_fn
 .text.png_chunk_error
                0x0011443c       0x2c /opt/devkitpro/portlibs/3ds/lib/libpng.a(pngerror.o)
                0x0011443c                png_chunk_error
 .text.png_chunk_benign_error
                0x00114468       0x18 /opt/devkitpro/portlibs/3ds/lib/libpng.a(pngerror.o)
                0x00114468                png_chunk_benign_error
 .text.png_benign_error
                0x00114480       0x70 /opt/devkitpro/portlibs/3ds/lib/libpng.a(pngerror.o)
                0x00114480                png_benign_error
 .text.png_chunk_report
                0x001144f0       0x78 /opt/devkitpro/portlibs/3ds/lib/libpng.a(pngerror.o)
                0x001144f0                png_chunk_report
 .text.png_set_error_fn
                0x00114568       0x10 /opt/devkitpro/portlibs/3ds/lib/libpng.a(pngerror.o)
                0x00114568                png_set_error_fn
 .text.png_get_valid
                0x00114578       0x1c /opt/devkitpro/portlibs/3ds/lib/libpng.a(pngget.o)
                0x00114578                png_get_valid
 .text.png_get_rowbytes
                0x00114594       0x18 /opt/devkitpro/portlibs/3ds/lib/libpng.a(pngget.o)
                0x00114594                png_get_rowbytes
 .text.png_get_image_width
                0x001145ac       0x18 /opt/devkitpro/portlibs/3ds/lib/libpng.a(pngget.o)
                0x001145ac                png_get_image_width
 .text.png_get_image_height
                0x001145c4       0x18 /opt/devkitpro/portlibs/3ds/lib/libpng.a(pngget.o)
                0x001145c4                png_get_image_height
 .text.png_get_bit_depth
                0x001145dc       0x18 /opt/devkitpro/portlibs/3ds/lib/libpng.a(pngget.o)
                0x001145dc                png_get_bit_depth
 .text.png_get_color_type
                0x001145f4       0x18 /opt/devkitpro/portlibs/3ds/lib/libpng.a(pngget.o)
                0x001145f4                png_get_color_type
 .text.png_destroy_png_struct
                0x0011460c       0x64 /opt/devkitpro/portlibs/3ds/lib/libpng.a(pngmem.o)
                0x0011460c                png_destroy_png_struct
 .text.png_calloc
                0x00114670       0x7c /opt/devkitpro/portlibs/3ds/lib/libpng.a(pngmem.o)
                0x00114670                png_calloc
 .text.png_malloc_base
                0x001146ec       0x30 /opt/devkitpro/portlibs/3ds/lib/libpng.a(pngmem.o)
                0x001146ec                png_malloc_base
 .text.png_malloc_array
                0x0011471c       0x64 /opt/devkitpro/portlibs/3ds/lib/libpng.a(pngmem.o)
                0x0011471c                png_malloc_array
 .text.png_realloc_array
                0x00114780       0xfc /opt/devkitpro/portlibs/3ds/lib/libpng.a(pngmem.o)
                0x00114780                png_realloc_array
 .text.png_malloc
                0x0011487c       0x58 /opt/devkitpro/portlibs/3ds/lib/libpng.a(pngmem.o)
                0x0011487c                png_malloc
 .text.png_malloc_warn
                0x001148d4       0x58 /opt/devkitpro/portlibs/3ds/lib/libpng.a(pngmem.o)
                0x001148d4                png_malloc_warn
 .text.png_free
                0x0011492c       0x24 /opt/devkitpro/portlibs/3ds/lib/libpng.a(pngmem.o)
                0x0011492c                png_free
 .text.png_set_mem_fn
                0x00114950       0x14 /opt/devkitpro/portlibs/3ds/lib/libpng.a(pngmem.o)
                0x00114950                png_set_mem_fn
 .text.png_read_info.part.0
                0x00114964      0x3ec /opt/devkitpro/portlibs/3ds/lib/libpng.a(pngread.o)
 .text.png_create_read_struct
                0x00114d50       0x58 /opt/devkitpro/portlibs/3ds/lib/libpng.a(pngread.o)
                0x00114d50                png_create_read_struct
 .text.png_read_info
                0x00114da8       0x10 /opt/devkitpro/portlibs/3ds/lib/libpng.a(pngread.o)
                0x00114da8                png_read_info
 .text.png_read_update_info
                0x00114db8       0x40 /opt/devkitpro/portlibs/3ds/lib/libpng.a(pngread.o)
                0x00114db8                png_read_update_info
 .text.png_read_row
                0x00114df8      0x45c /opt/devkitpro/portlibs/3ds/lib/libpng.a(pngread.o)
                0x00114df8                png_read_row
 .text.png_read_image
                0x00115254       0xd4 /opt/devkitpro/portlibs/3ds/lib/libpng.a(pngread.o)
                0x00115254                png_read_image
 .text.png_destroy_read_struct
                0x00115328      0x154 /opt/devkitpro/portlibs/3ds/lib/libpng.a(pngread.o)
                0x00115328                png_destroy_read_struct
 .text.png_default_read_data
                0x0011547c       0x38 /opt/devkitpro/portlibs/3ds/lib/libpng.a(pngrio.o)
                0x0011547c                png_default_read_data
 .text.png_read_data
                0x001154b4       0x20 /opt/devkitpro/portlibs/3ds/lib/libpng.a(pngrio.o)
                0x001154b4                png_read_data
 .text.png_set_read_fn
                0x001154d4       0x50 /opt/devkitpro/portlibs/3ds/lib/libpng.a(pngrio.o)
                0x001154d4                png_set_read_fn
 .text.png_do_gray_to_rgb
                0x00115524      0x210 /opt/devkitpro/portlibs/3ds/lib/libpng.a(pngrtran.o)
 .text.png_do_expand
                0x00115734      0x600 /opt/devkitpro/portlibs/3ds/lib/libpng.a(pngrtran.o)
 .text.png_set_strip_16
                0x00115d34       0x38 /opt/devkitpro/portlibs/3ds/lib/libpng.a(pngrtran.o)
                0x00115d34                png_set_strip_16
 .text.png_set_palette_to_rgb
                0x00115d6c       0x3c /opt/devkitpro/portlibs/3ds/lib/libpng.a(pngrtran.o)
                0x00115d6c                png_set_palette_to_rgb
 .text.png_set_expand_gray_1_2_4_to_8
                0x00115da8       0x38 /opt/devkitpro/portlibs/3ds/lib/libpng.a(pngrtran.o)
                0x00115da8                png_set_expand_gray_1_2_4_to_8
 .text.png_set_tRNS_to_alpha
                0x00115de0       0x3c /opt/devkitpro/portlibs/3ds/lib/libpng.a(pngrtran.o)
                0x00115de0                png_set_tRNS_to_alpha
 .text.png_set_gray_to_rgb
                0x00115e1c       0x38 /opt/devkitpro/portlibs/3ds/lib/libpng.a(pngrtran.o)
                0x00115e1c                png_set_gray_to_rgb
 .text.png_init_read_transformations
                0x00115e54      0xce8 /opt/devkitpro/portlibs/3ds/lib/libpng.a(pngrtran.o)
                0x00115e54                png_init_read_transformations
 .text.png_read_transform_info
                0x00116b3c      0x2b8 /opt/devkitpro/portlibs/3ds/lib/libpng.a(pngrtran.o)
                0x00116b3c                png_read_transform_info
 .text.png_do_read_transformations
                0x00116df4     0x2cd4 /opt/devkitpro/portlibs/3ds/lib/libpng.a(pngrtran.o)
                0x00116df4                png_do_read_transformations
 .text.png_read_filter_row_sub
                0x00119ac8       0x44 /opt/devkitpro/portlibs/3ds/lib/libpng.a(pngrutil.o)
 .text.png_read_filter_row_up
                0x00119b0c       0x30 /opt/devkitpro/portlibs/3ds/lib/libpng.a(pngrutil.o)
 .text.png_read_filter_row_avg
                0x00119b3c       0x8c /opt/devkitpro/portlibs/3ds/lib/libpng.a(pngrutil.o)
 .text.png_read_filter_row_paeth_1byte_pixel
                0x00119bc8       0x88 /opt/devkitpro/portlibs/3ds/lib/libpng.a(pngrutil.o)
 .text.png_read_filter_row_paeth_multibyte_pixel
                0x00119c50       0xc8 /opt/devkitpro/portlibs/3ds/lib/libpng.a(pngrutil.o)
 .text.png_inflate_claim
                0x00119d18      0x144 /opt/devkitpro/portlibs/3ds/lib/libpng.a(pngrutil.o)
 .text.png_read_buffer
                0x00119e5c       0x9c /opt/devkitpro/portlibs/3ds/lib/libpng.a(pngrutil.o)
 .text.png_inflate.constprop.0
                0x00119ef8      0x188 /opt/devkitpro/portlibs/3ds/lib/libpng.a(pngrutil.o)
 .text.png_decompress_chunk.constprop.0
                0x0011a080      0x1f8 /opt/devkitpro/portlibs/3ds/lib/libpng.a(pngrutil.o)
 .text.png_inflate_read.constprop.0.isra.0
                0x0011a278      0x168 /opt/devkitpro/portlibs/3ds/lib/libpng.a(pngrutil.o)
 .text.png_read_sig
                0x0011a3e0       0xac /opt/devkitpro/portlibs/3ds/lib/libpng.a(pngrutil.o)
                0x0011a3e0                png_read_sig
 .text.png_crc_error
                0x0011a48c       0x88 /opt/devkitpro/portlibs/3ds/lib/libpng.a(pngrutil.o)
                0x0011a48c                png_crc_error
 .text.png_crc_finish
                0x0011a514       0xc8 /opt/devkitpro/portlibs/3ds/lib/libpng.a(pngrutil.o)
                0x0011a514                png_crc_finish
 .text.png_cache_unknown_chunk
                0x0011a5dc       0xe8 /opt/devkitpro/portlibs/3ds/lib/libpng.a(pngrutil.o)
 .text.png_handle_IHDR
                0x0011a6c4      0x158 /opt/devkitpro/portlibs/3ds/lib/libpng.a(pngrutil.o)
                0x0011a6c4                png_handle_IHDR
 .text.png_handle_PLTE
                0x0011a81c      0x258 /opt/devkitpro/portlibs/3ds/lib/libpng.a(pngrutil.o)
                0x0011a81c                png_handle_PLTE
 .text.png_handle_IEND
                0x0011aa74       0x54 /opt/devkitpro/portlibs/3ds/lib/libpng.a(pngrutil.o)
                0x0011aa74                png_handle_IEND
 .text.png_handle_gAMA
                0x0011aac8       0xd4 /opt/devkitpro/portlibs/3ds/lib/libpng.a(pngrutil.o)
                0x0011aac8                png_handle_gAMA
 .text.png_handle_sBIT
                0x0011ab9c      0x1b8 /opt/devkitpro/portlibs/3ds/lib/libpng.a(pngrutil.o)
                0x0011ab9c                png_handle_sBIT
 .text.png_handle_cHRM
                0x0011ad54      0x1fc /opt/devkitpro/portlibs/3ds/lib/libpng.a(pngrutil.o)
                0x0011ad54                png_handle_cHRM
 .text.png_handle_sRGB
                0x0011af50      0x110 /opt/devkitpro/portlibs/3ds/lib/libpng.a(pngrutil.o)
                0x0011af50                png_handle_sRGB
 .text.png_handle_iCCP
                0x0011b060      0x534 /opt/devkitpro/portlibs/3ds/lib/libpng.a(pngrutil.o)
                0x0011b060                png_handle_iCCP
 .text.png_handle_sPLT
                0x0011b594      0x324 /opt/devkitpro/portlibs/3ds/lib/libpng.a(pngrutil.o)
                0x0011b594                png_handle_sPLT
 .text.png_handle_tRNS
                0x0011b8b8      0x228 /opt/devkitpro/portlibs/3ds/lib/libpng.a(pngrutil.o)
                0x0011b8b8                png_handle_tRNS
 .text.png_handle_bKGD
                0x0011bae0      0x26c /opt/devkitpro/portlibs/3ds/lib/libpng.a(pngrutil.o)
                0x0011bae0                png_handle_bKGD
 .text.png_handle_eXIf
                0x0011bd4c      0x188 /opt/devkitpro/portlibs/3ds/lib/libpng.a(pngrutil.o)
                0x0011bd4c                png_handle_eXIf
 .text.png_handle_hIST
                0x0011bed4      0x130 /opt/devkitpro/portlibs/3ds/lib/libpng.a(pngrutil.o)
                0x0011bed4                png_handle_hIST
 .text.png_handle_pHYs
                0x0011c004      0x118 /opt/devkitpro/portlibs/3ds/lib/libpng.a(pngrutil.o)
                0x0011c004                png_handle_pHYs
 .text.png_handle_oFFs
                0x0011c11c      0x13c /opt/devkitpro/portlibs/3ds/lib/libpng.a(pngrutil.o)
                0x0011c11c                png_handle_oFFs
 .text.png_handle_pCAL
                0x0011c258      0x2f0 /opt/devkitpro/portlibs/3ds/lib/libpng.a(pngrutil.o)
                0x0011c258                png_handle_pCAL
 .text.png_handle_sCAL
                0x0011c548      0x258 /opt/devkitpro/portlibs/3ds/lib/libpng.a(pngrutil.o)
                0x0011c548                png_handle_sCAL
 .text.png_handle_tIME
                0x0011c7a0      0x100 /opt/devkitpro/portlibs/3ds/lib/libpng.a(pngrutil.o)
                0x0011c7a0                png_handle_tIME
 .text.png_handle_tEXt
                0x0011c8a0      0x184 /opt/devkitpro/portlibs/3ds/lib/libpng.a(pngrutil.o)
                0x0011c8a0                png_handle_tEXt
 .text.png_handle_zTXt
                0x0011ca24      0x24c /opt/devkitpro/portlibs/3ds/lib/libpng.a(pngrutil.o)
                0x0011ca24                png_handle_zTXt
 .text.png_handle_iTXt
                0x0011cc70      0x334 /opt/devkitpro/portlibs/3ds/lib/libpng.a(pngrutil.o)
                0x0011cc70                png_handle_iTXt
 .text.png_handle_unknown
                0x0011cfa4      0x1bc /opt/devkitpro/portlibs/3ds/lib/libpng.a(pngrutil.o)
                0x0011cfa4                png_handle_unknown
 .text.png_check_chunk_length
                0x0011d160       0xd4 /opt/devkitpro/portlibs/3ds/lib/libpng.a(pngrutil.o)
                0x0011d160                png_check_chunk_length
 .text.png_read_chunk_header
                0x0011d234       0xf8 /opt/devkitpro/portlibs/3ds/lib/libpng.a(pngrutil.o)
                0x0011d234                png_read_chunk_header
 .text.png_combine_row
                0x0011d32c      0x4cc /opt/devkitpro/portlibs/3ds/lib/libpng.a(pngrutil.o)
                0x0011d32c                png_combine_row
 .text.png_do_read_interlace
                0x0011d7f8      0x3f0 /opt/devkitpro/portlibs/3ds/lib/libpng.a(pngrutil.o)
                0x0011d7f8                png_do_read_interlace
 .text.png_read_filter_row
                0x0011dbe8       0x8c /opt/devkitpro/portlibs/3ds/lib/libpng.a(pngrutil.o)
                0x0011dbe8                png_read_filter_row
 .text.png_read_IDAT_data
                0x0011dc74      0x298 /opt/devkitpro/portlibs/3ds/lib/libpng.a(pngrutil.o)
                0x0011dc74                png_read_IDAT_data
 .text.png_read_finish_IDAT
                0x0011df0c       0x74 /opt/devkitpro/portlibs/3ds/lib/libpng.a(pngrutil.o)
                0x0011df0c                png_read_finish_IDAT
 .text.png_read_finish_row
                0x0011df80      0x130 /opt/devkitpro/portlibs/3ds/lib/libpng.a(pngrutil.o)
                0x0011df80                png_read_finish_row
 .text.png_read_start_row
                0x0011e0b0      0x48c /opt/devkitpro/portlibs/3ds/lib/libpng.a(pngrutil.o)
                0x0011e0b0                png_read_start_row
 .text.check_location
                0x0011e53c       0x64 /opt/devkitpro/portlibs/3ds/lib/libpng.a(pngset.o)
 .text.png_set_bKGD
                0x0011e5a0       0x48 /opt/devkitpro/portlibs/3ds/lib/libpng.a(pngset.o)
                0x0011e5a0                png_set_bKGD
 .text.png_set_eXIf_1
                0x0011e5e8       0x9c /opt/devkitpro/portlibs/3ds/lib/libpng.a(pngset.o)
                0x0011e5e8                png_set_eXIf_1
 .text.png_set_hIST
                0x0011e684       0xac /opt/devkitpro/portlibs/3ds/lib/libpng.a(pngset.o)
                0x0011e684                png_set_hIST
 .text.png_set_IHDR
                0x0011e730      0x104 /opt/devkitpro/portlibs/3ds/lib/libpng.a(pngset.o)
                0x0011e730                png_set_IHDR
 .text.png_set_oFFs
                0x0011e834       0x2c /opt/devkitpro/portlibs/3ds/lib/libpng.a(pngset.o)
                0x0011e834                png_set_oFFs
 .text.png_set_pCAL
                0x0011e860      0x288 /opt/devkitpro/portlibs/3ds/lib/libpng.a(pngset.o)
                0x0011e860                png_set_pCAL
 .text.png_set_sCAL_s
                0x0011eae8      0x174 /opt/devkitpro/portlibs/3ds/lib/libpng.a(pngset.o)
                0x0011eae8                png_set_sCAL_s
 .text.png_set_pHYs
                0x0011ec5c       0x2c /opt/devkitpro/portlibs/3ds/lib/libpng.a(pngset.o)
                0x0011ec5c                png_set_pHYs
 .text.png_set_PLTE
                0x0011ec88      0x134 /opt/devkitpro/portlibs/3ds/lib/libpng.a(pngset.o)
                0x0011ec88                png_set_PLTE
 .text.png_set_sBIT
                0x0011edbc       0x40 /opt/devkitpro/portlibs/3ds/lib/libpng.a(pngset.o)
                0x0011edbc                png_set_sBIT
 .text.png_set_text_2
                0x0011edfc      0x34c /opt/devkitpro/portlibs/3ds/lib/libpng.a(pngset.o)
                0x0011edfc                png_set_text_2
 .text.png_set_tIME
                0x0011f148       0xa4 /opt/devkitpro/portlibs/3ds/lib/libpng.a(pngset.o)
                0x0011f148                png_set_tIME
 .text.png_set_tRNS
                0x0011f1ec      0x1b0 /opt/devkitpro/portlibs/3ds/lib/libpng.a(pngset.o)
                0x0011f1ec                png_set_tRNS
 .text.png_set_sPLT
                0x0011f39c      0x188 /opt/devkitpro/portlibs/3ds/lib/libpng.a(pngset.o)
                0x0011f39c                png_set_sPLT
 .text.png_set_unknown_chunks
                0x0011f524      0x134 /opt/devkitpro/portlibs/3ds/lib/libpng.a(pngset.o)
                0x0011f524                png_set_unknown_chunks
 .text.png_set_interlace_handling
                0x0011f658       0x30 /opt/devkitpro/portlibs/3ds/lib/libpng.a(pngtrans.o)
                0x0011f658                png_set_interlace_handling
 .text.png_set_filler
                0x0011f688       0x88 /opt/devkitpro/portlibs/3ds/lib/libpng.a(pngtrans.o)
                0x0011f688                png_set_filler
 .text.png_set_swap_alpha
                0x0011f710       0x14 /opt/devkitpro/portlibs/3ds/lib/libpng.a(pngtrans.o)
                0x0011f710                png_set_swap_alpha
 .text.png_do_invert
                0x0011f724       0xc8 /opt/devkitpro/portlibs/3ds/lib/libpng.a(pngtrans.o)
                0x0011f724                png_do_invert
 .text.png_do_swap
                0x0011f7ec       0x4c /opt/devkitpro/portlibs/3ds/lib/libpng.a(pngtrans.o)
                0x0011f7ec                png_do_swap
 .text.png_do_packswap
                0x0011f838       0x7c /opt/devkitpro/portlibs/3ds/lib/libpng.a(pngtrans.o)
                0x0011f838                png_do_packswap
 .text.png_do_strip_channel
                0x0011f8b4      0x248 /opt/devkitpro/portlibs/3ds/lib/libpng.a(pngtrans.o)
                0x0011f8b4                png_do_strip_channel
 .text.png_do_bgr
                0x0011fafc      0x110 /opt/devkitpro/portlibs/3ds/lib/libpng.a(pngtrans.o)
                0x0011fafc                png_do_bgr
 .text.png_do_check_palette_indexes
                0x0011fc0c      0x194 /opt/devkitpro/portlibs/3ds/lib/libpng.a(pngtrans.o)
                0x0011fc0c                png_do_check_palette_indexes
 .text.adler32_z
                0x0011fda0      0x364 /opt/devkitpro/portlibs/3ds/lib/libz.a(adler32.o)
                0x0011fda0                adler32_z
 .text.adler32  0x00120104        0x4 /opt/devkitpro/portlibs/3ds/lib/libz.a(adler32.o)
                0x00120104                adler32
 .text.crc32_z  0x00120108      0x3ac /opt/devkitpro/portlibs/3ds/lib/libz.a(crc32.o)
                0x00120108                crc32_z
 .text.crc32    0x001204b4        0x4 /opt/devkitpro/portlibs/3ds/lib/libz.a(crc32.o)
                0x001204b4                crc32
 .text.updatewindow
                0x001204b8      0x11c /opt/devkitpro/portlibs/3ds/lib/libz.a(inflate.o)
 .text.inflateStateCheck
                0x001205d4       0x5c /opt/devkitpro/portlibs/3ds/lib/libz.a(inflate.o)
 .text.inflateResetKeep
                0x00120630       0x9c /opt/devkitpro/portlibs/3ds/lib/libz.a(inflate.o)
                0x00120630                inflateResetKeep
 .text.inflateReset
                0x001206cc       0x68 /opt/devkitpro/portlibs/3ds/lib/libz.a(inflate.o)
                0x001206cc                inflateReset
 .text.inflateReset2
                0x00120734       0xbc /opt/devkitpro/portlibs/3ds/lib/libz.a(inflate.o)
                0x00120734                inflateReset2
 .text.inflateInit2_
                0x001207f0       0xec /opt/devkitpro/portlibs/3ds/lib/libz.a(inflate.o)
                0x001207f0                inflateInit2_
 .text.inflate  0x001208dc     0x18ec /opt/devkitpro/portlibs/3ds/lib/libz.a(inflate.o)
                0x001208dc                inflate
 .text.inflateEnd
                0x001221c8       0x5c /opt/devkitpro/portlibs/3ds/lib/libz.a(inflate.o)
                0x001221c8                inflateEnd
 .text.inflateValidate
                0x00122224       0x88 /opt/devkitpro/portlibs/3ds/lib/libz.a(inflate.o)
                0x00122224                inflateValidate
 .text.inflate_table
                0x001222ac      0x554 /opt/devkitpro/portlibs/3ds/lib/libz.a(inftrees.o)
                0x001222ac                inflate_table
 .text.zcalloc  0x00122800        0x8 /opt/devkitpro/portlibs/3ds/lib/libz.a(zutil.o)
                0x00122800                zcalloc
 .text.zcfree   0x00122808        0x8 /opt/devkitpro/portlibs/3ds/lib/libz.a(zutil.o)
                0x00122808                zcfree
 .text.inflate_fast
                0x00122810      0x5d8 /opt/devkitpro/portlibs/3ds/lib/libz.a(inffast.o)
                0x00122810                inflate_fast
 .text._Znwj    0x00122de8       0x5c /opt/devkitpro/devkitARM/bin/../lib/gcc/arm-none-eabi/14.2.0/../../../../arm-none-eabi/lib/armv6k/fpu/libstdc++.a(new_op.o)
                0x00122de8                operator new(unsigned int)
 .text._ZNKSt9bad_alloc4whatEv
                0x00122e44        0xc /opt/devkitpro/devkitARM/bin/../lib/gcc/arm-none-eabi/14.2.0/../../../../arm-none-eabi/lib/armv6k/fpu/libstdc++.a(bad_alloc.o)
                0x00122e44                std::bad_alloc::what() const
 .text._ZNSt9bad_allocD2Ev
                0x00122e50       0x20 /opt/devkitpro/devkitARM/bin/../lib/gcc/arm-none-eabi/14.2.0/../../../../arm-none-eabi/lib/armv6k/fpu/libstdc++.a(bad_alloc.o)
                0x00122e50                std::bad_alloc::~bad_alloc()
                0x00122e50                std::bad_alloc::~bad_alloc()
 .text._ZNSt9bad_allocD0Ev
                0x00122e70       0x2c /opt/devkitpro/devkitARM/bin/../lib/gcc/arm-none-eabi/14.2.0/../../../../arm-none-eabi/lib/armv6k/fpu/libstdc++.a(bad_alloc.o)
                0x00122e70                std::bad_alloc::~bad_alloc()
 .text._ZdlPvj  0x00122e9c        0x4 /opt/devkitpro/devkitARM/bin/../lib/gcc/arm-none-eabi/14.2.0/../../../../arm-none-eabi/lib/armv6k/fpu/libstdc++.a(del_ops.o)
                0x00122e9c                operator delete(void*, unsigned int)
 .text._ZNK9__gnu_cxx24__concurrence_lock_error4whatEv
                0x00122ea0        0xc /opt/devkitpro/devkitARM/bin/../lib/gcc/arm-none-eabi/14.2.0/../../../../arm-none-eabi/lib/armv6k/fpu/libstdc++.a(eh_alloc.o)
                0x00122ea0                __gnu_cxx::__concurrence_lock_error::what() const
 .text._ZNK9__gnu_cxx26__concurrence_unlock_error4whatEv
                0x00122eac        0xc /opt/devkitpro/devkitARM/bin/../lib/gcc/arm-none-eabi/14.2.0/../../../../arm-none-eabi/lib/armv6k/fpu/libstdc++.a(eh_alloc.o)
                0x00122eac                __gnu_cxx::__concurrence_unlock_error::what() const
 .text._ZN9__gnu_cxx24__concurrence_lock_errorD2Ev
                0x00122eb8       0x20 /opt/devkitpro/devkitARM/bin/../lib/gcc/arm-none-eabi/14.2.0/../../../../arm-none-eabi/lib/armv6k/fpu/libstdc++.a(eh_alloc.o)
                0x00122eb8                __gnu_cxx::__concurrence_lock_error::~__concurrence_lock_error()
                0x00122eb8                __gnu_cxx::__concurrence_lock_error::~__concurrence_lock_error()
 .text._ZN9__gnu_cxx24__concurrence_lock_errorD0Ev
                0x00122ed8       0x2c /opt/devkitpro/devkitARM/bin/../lib/gcc/arm-none-eabi/14.2.0/../../../../arm-none-eabi/lib/armv6k/fpu/libstdc++.a(eh_alloc.o)
                0x00122ed8                __gnu_cxx::__concurrence_lock_error::~__concurrence_lock_error()
 .text._ZN9__gnu_cxx26__concurrence_unlock_errorD2Ev
                0x00122f04       0x20 /opt/devkitpro/devkitARM/bin/../lib/gcc/arm-none-eabi/14.2.0/../../../../arm-none-eabi/lib/armv6k/fpu/libstdc++.a(eh_alloc.o)
                0x00122f04                __gnu_cxx::__concurrence_unlock_error::~__concurrence_unlock_error()
                0x00122f04                __gnu_cxx::__concurrence_unlock_error::~__concurrence_unlock_error()
 .text._ZN9__gnu_cxx26__concurrence_unlock_errorD0Ev
                0x00122f24       0x2c /opt/devkitpro/devkitARM/bin/../lib/gcc/arm-none-eabi/14.2.0/../../../../arm-none-eabi/lib/armv6k/fpu/libstdc++.a(eh_alloc.o)
                0x00122f24                __gnu_cxx::__concurrence_unlock_error::~__concurrence_unlock_error()
 .text.unlikely._ZN9__gnu_cxx30__throw_concurrence_lock_errorEv